 newton

 Timestamp is 4d42f076 (Fri Jan 28 08:36:06 2011)

 Preferred load address is 10000000

 Start         Length     Name                   Class
 0001:00000000 0009e0eeH .text                   CODE
 0001:0009e0f0 00000216H .text$yc                CODE
 0001:0009e310 00000033H .text$yd                CODE
 0002:00000000 00000150H .idata$5                DATA
 0002:00000150 00000004H .CRT$XCA                DATA
 0002:00000154 00000010H .CRT$XCU                DATA
 0002:00000164 00000004H .CRT$XCZ                DATA
 0002:00000168 00000004H .CRT$XIA                DATA
 0002:0000016c 00000014H .CRT$XIC                DATA
 0002:00000180 00000004H .CRT$XIZ                DATA
 0002:00000184 00000004H .CRT$XPA                DATA
 0002:00000188 00000004H .CRT$XPX                DATA
 0002:0000018c 00000004H .CRT$XPXA               DATA
 0002:00000190 00000004H .CRT$XPZ                DATA
 0002:00000194 00000004H .CRT$XTA                DATA
 0002:00000198 00000004H .CRT$XTZ                DATA
 0002:000001a0 00006170H .rdata                  DATA
 0002:00006310 00000071H .rdata$debug            DATA
 0002:00006390 00000010H .rdata$sxdata           DATA
 0002:000063a0 00000004H .rtc$IAA                DATA
 0002:000063a4 00000004H .rtc$IZZ                DATA
 0002:000063a8 00000004H .rtc$TAA                DATA
 0002:000063ac 00000004H .rtc$TZZ                DATA
 0002:000063b0 00000404H .xdata$x                DATA
 0002:000067b4 00000014H .idata$2                DATA
 0002:000067c8 00000014H .idata$3                DATA
 0002:000067dc 00000150H .idata$4                DATA
 0002:0000692c 0000060aH .idata$6                DATA
 0002:00006f40 0000325aH .edata                  DATA
 0003:00000000 00001cc0H .data                   DATA
 0003:00001cc0 000041e4H .bss                    DATA
 0004:00000000 00000058H .rsrc$01                DATA
 0004:00000060 000003c0H .rsrc$02                DATA

  Address         Publics by Value              Rva+Base       Lib:Object

 0000:00000000       __except_list              00000000     <absolute>
 0000:00000004       ___safe_se_handler_count   00000004     <absolute>
 0000:00000000       ___ImageBase               10000000     <linker-defined>
 0001:00000000       _DllMain@12                10001000 f   Newton.obj
 0001:00000010       _NewtonGetMemoryUsed       10001010 f   Newton.obj
 0001:00000030       _NewtonSetMemorySystem     10001030 f   Newton.obj
 0001:00000070       _NewtonCreate              10001070 f   Newton.obj
 0001:00000110       _NewtonDestroy             10001110 f   Newton.obj
 0001:00000160       ??_GdgMemoryAllocator@@QAEPAXI@Z 10001160 f i Newton.obj
 0001:000001b0       _NewtonInvalidateCache     100011b0 f   Newton.obj
 0001:000001c0       _NewtonSetPlatformArchitecture 100011c0 f   Newton.obj
 0001:00000210       _NewtonGetPlatformArchitecture 10001210 f   Newton.obj
 0001:00000260       _NewtonWorldCriticalSectionLock 10001260 f   Newton.obj
 0001:00000280       _NewtonWorldCriticalSectionUnlock 10001280 f   Newton.obj
 0001:000002a0       _NewtonSetThreadsCount     100012a0 f   Newton.obj
 0001:000002e0       _NewtonGetThreadsCount     100012e0 f   Newton.obj
 0001:000002f0       _NewtonGetMaxThreadsCount  100012f0 f   Newton.obj
 0001:00000300       _NewtonSetMultiThreadSolverOnSingleIsland 10001300 f   Newton.obj
 0001:00000320       _NewtonGetMultiThreadSolverOnSingleIsland 10001320 f   Newton.obj
 0001:00000330       _NewtonSetSolverModel      10001330 f   Newton.obj
 0001:00000350       _NewtonSetFrictionModel    10001350 f   Newton.obj
 0001:00000360       _NewtonSetPerformanceClock 10001360 f   Newton.obj
 0001:000003b0       _NewtonReadThreadPerformanceTicks 100013b0 f   Newton.obj
 0001:000003b0       _NewtonReadPerformanceTicks 100013b0 f   Newton.obj
 0001:000003e0       _NewtonUpdate              100013e0 f   Newton.obj
 0001:000004d0       _NewtonCollisionUpdate     100014d0 f   Newton.obj
 0001:00000500       _NewtonSetMinimumFrameRate 10001500 f   Newton.obj
 0001:00000560       _NewtonDestroyAllBodies    10001560 f   Newton.obj
 0001:000005b0       _NewtonSetWorldSize        100015b0 f   Newton.obj
 0001:00000610       _NewtonSetIslandUpdateEvent 10001610 f   Newton.obj
 0001:00000620       _NewtonSetCollisionDestructor 10001620 f   Newton.obj
 0001:00000630       _NewtonSetDestroyBodyByExeciveForce 10001630 f   Newton.obj
 0001:00000640       _NewtonSetBodyLeaveWorldEvent 10001640 f   Newton.obj
 0001:00000650       _NewtonWorldGetFirstBody   10001650 f   Newton.obj
 0001:00000670       _NewtonWorldGetNextBody    10001670 f   Newton.obj
 0001:00000690       _NewtonWorldForEachJointDo 10001690 f   Newton.obj
 0001:000007a0       _NewtonWorldForEachBodyInAABBDo 100017a0 f   Newton.obj
 0001:00000800       _NewtonWorldGetVersion     10001800 f   Newton.obj
 0001:00000810       _NewtonWorldFloatSize      10001810 f   Newton.obj
 0001:00000820       _NewtonWorldSetUserData    10001820 f   Newton.obj
 0001:00000830       _NewtonWorldGetUserData    10001830 f   Newton.obj
 0001:00000840       _NewtonWorldSetDestructorCallBack 10001840 f   Newton.obj
 0001:00000850       _NewtonWorldGetDestructorCallBack 10001850 f   Newton.obj
 0001:00000860       _NewtonWorldGetBodyCount   10001860 f   Newton.obj
 0001:00000870       _NewtonWorldGetConstraintCount 10001870 f   Newton.obj
 0001:00000880       _NewtonWorldRayCast        10001880 f   Newton.obj
 0001:000008f0       _NewtonWorldConvexCast     100018f0 f   Newton.obj
 0001:00000950       _NewtonIslandGetBody       10001950 f   Newton.obj
 0001:00000980       _NewtonIslandGetBodyAABB   10001980 f   Newton.obj
 0001:000009e0       _NewtonMaterialGetDefaultGroupID 100019e0 f   Newton.obj
 0001:000009f0       _NewtonMaterialCreateGroupID 100019f0 f   Newton.obj
 0001:00000a00       _NewtonMaterialDestroyAllGroupID 10001a00 f   Newton.obj
 0001:00000a10       _NewtonMaterialSetDefaultCollidable 10001a10 f   Newton.obj
 0001:00000a40       _NewtonMaterialSetContinuousCollisionMode 10001a40 f   Newton.obj
 0001:00000a70       _NewtonMaterialSetSurfaceThickness 10001a70 f   Newton.obj
 0001:00000ad0       _NewtonMaterialSetDefaultFriction 10001ad0 f   Newton.obj
 0001:00000ba0       _NewtonMaterialSetDefaultElasticity 10001ba0 f   Newton.obj
 0001:00000c00       _NewtonMaterialSetDefaultSoftness 10001c00 f   Newton.obj
 0001:00000c50       _NewtonMaterialSetCollisionCallback 10001c50 f   Newton.obj
 0001:00000c90       _NewtonMaterialGetUserData 10001c90 f   Newton.obj
 0001:00000cb0       _NewtonWorldGetFirstMaterial 10001cb0 f   Newton.obj
 0001:00000ce0       _NewtonWorldGetNextMaterial 10001ce0 f   Newton.obj
 0001:00000cf0       _NewtonMaterialGetMaterialPairUserData 10001cf0 f   Newton.obj
 0001:00000d00       _NewtonMaterialGetContactNormalSpeed 10001d00 f   Newton.obj
 0001:00000ea0       _NewtonMaterialGetContactTangentSpeed 10001ea0 f   Newton.obj
 0001:00001080       _NewtonMaterialGetContactPositionAndNormal 10002080 f   Newton.obj
 0001:000010b0       _NewtonMaterialGetContactForce 100020b0 f   Newton.obj
 0001:000011a0       _NewtonMaterialGetContactTangentDirections 100021a0 f   Newton.obj
 0001:000011d0       _NewtonMaterialGetBodyCollisionID 100021d0 f   Newton.obj
 0001:000011f0       _NewtonMaterialSetContactSoftness 100021f0 f   Newton.obj
 0001:00001250       _NewtonMaterialSetContactElasticity 10002250 f   Newton.obj
 0001:000012b0       _NewtonMaterialSetContactFrictionState 100022b0 f   Newton.obj
 0001:000012f0       _NewtonMaterialSetContactFrictionCoef 100022f0 f   Newton.obj
 0001:00001400       _NewtonMaterialSetContactNormalAcceleration 10002400 f   Newton.obj
 0001:00001420       _NewtonMaterialSetContactTangentAcceleration 10002420 f   Newton.obj
 0001:00001450       _NewtonMaterialSetContactNormalDirection 10002450 f   Newton.obj
 0001:000016f0       _NewtonMaterialContactRotateTangentDirections 100026f0 f   Newton.obj
 0001:00001860       _NewtonCreateNull          10002860 f   Newton.obj
 0001:00001870       _NewtonCreateBox           10002870 f   Newton.obj
 0001:000018d0       _NewtonCreateSphere        100028d0 f   Newton.obj
 0001:000019d0       _NewtonCreateCone          100029d0 f   Newton.obj
 0001:00001a30       _NewtonCreateCapsule       10002a30 f   Newton.obj
 0001:00001a90       _NewtonCreateCylinder      10002a90 f   Newton.obj
 0001:00001af0       _NewtonCreateChamferCylinder 10002af0 f   Newton.obj
 0001:00001b50       _NewtonCreateConvexHull    10002b50 f   Newton.obj
 0001:00001be0       _NewtonCreateConvexHullFromMesh 10002be0 f   Newton.obj
 0001:00001c00       _NewtonCreateConvexHullModifier 10002c00 f   Newton.obj
 0001:00001c60       _NewtonConvexHullModifierGetMatrix 10002c60 f   Newton.obj
 0001:00001c90       _NewtonConvexHullModifierSetMatrix 10002c90 f   Newton.obj
 0001:00001cb0       _NewtonCreateCompoundCollision 10002cb0 f   Newton.obj
 0001:00001cf0       _NewtonCreateCompoundCollisionFromMesh 10002cf0 f   Newton.obj
 0001:00001d10       _NewtonCreateCompoundBreakable 10002d10 f   Newton.obj
 0001:00001d30       _NewtonCompoundBreakableResetAnchoredPieces 10002d30 f   Newton.obj
 0001:00001d50       _NewtonCompoundBreakableSetAnchoredPieces 10002d50 f   Newton.obj
 0001:00001d80       _NewtonBreakableGetMainMesh 10002d80 f   Newton.obj
 0001:00001da0       _NewtonBreakableBeginDelete 10002da0 f   Newton.obj
 0001:00001dd0       _NewtonBreakableDeleteComponent 10002dd0 f   Newton.obj
 0001:00001df0       _NewtonBreakableEndDelete  10002df0 f   Newton.obj
 0001:00001e10       _NewtonBreakableGetFirstComponent 10002e10 f   Newton.obj
 0001:00001e40       _NewtonBreakableGetNextComponent 10002e40 f   Newton.obj
 0001:00001e60       _NewtonCompoundBreakableGetVertexCount 10002e60 f   Newton.obj
 0001:00001e80       _NewtonCompoundBreakableGetVertexStreams 10002e80 f   Newton.obj
 0001:00001ec0       _NewtonBreakableGetFirstSegment 10002ec0 f   Newton.obj
 0001:00001ed0       _NewtonBreakableGetNextSegment 10002ed0 f   Newton.obj
 0001:00001ee0       _NewtonBreakableGetComponentsInRadius 10002ee0 f   Newton.obj
 0001:00001f40       _NewtonBreakableSegmentGetMaterial 10002f40 f   Newton.obj
 0001:00001f40       _NewtonJointGetBody0       10002f40 f   Newton.obj
 0001:00001f50       _NewtonBreakableSegmentGetIndexCount 10002f50 f   Newton.obj
 0001:00001f60       _NewtonBreakableSegmentGetIndexStream 10002f60 f   Newton.obj
 0001:00001f90       _NewtonBreakableSegmentGetIndexStreamShort 10002f90 f   Newton.obj
 0001:00001fc0       _NewtonCollisionIsTriggerVolume 10002fc0 f   Newton.obj
 0001:00001fe0       _NewtonCollisionSetAsTriggerVolume 10002fe0 f   Newton.obj
 0001:00002000       _NewtonCollisionSetMaxBreakImpactImpulse 10003000 f   Newton.obj
 0001:00002020       _NewtonCollisionGetMaxBreakImpactImpulse 10003020 f   Newton.obj
 0001:00002030       _NewtonCollisionSetUserID  10003030 f   Newton.obj
 0001:00002040       _NewtonCollisionGetUserID  10003040 f   Newton.obj
 0001:00002050       _NewtonConvexHullGetFaceIndices 10003050 f   Newton.obj
 0001:00002090       _NewtonConvexCollisionCalculateVolume 10003090 f   Newton.obj
 0001:000020a0       _NewtonConvexCollisionCalculateInertialMatrix 100030a0 f   Newton.obj
 0001:000020f0       _NewtonCreateUserMeshCollision 100030f0 f   Newton.obj
 0001:000021b0       _NewtonCreateTreeCollision 100031b0 f   Newton.obj
 0001:000021f0       _NewtonStaticCollisionSetDebugCallback 100031f0 f   Newton.obj
 0001:00002240       _NewtonTreeCollisionSetUserRayCastCallback 10003240 f   Newton.obj
 0001:00002260       _NewtonHeightFieldSetUserRayCastCallback 10003260 f   Newton.obj
 0001:00002280       _NewtonTreeCollisionBeginBuild 10003280 f   Newton.obj
 0001:000022d0       _NewtonTreeCollisionAddFace 100032d0 f   Newton.obj
 0001:000022f0       _NewtonTreeCollisionEndBuild 100032f0 f   Newton.obj
 0001:00002310       _NewtonTreeCollisionGetFaceAtribute 10003310 f   Newton.obj
 0001:00002320       _NewtonTreeCollisionSetFaceAtribute 10003320 f   Newton.obj
 0001:00002330       _NewtonTreeCollisionGetVertexListIndexListInAABB 10003330 f   Newton.obj
 0001:000023e0       _NewtonCreateHeightFieldCollision 100033e0 f   Newton.obj
 0001:00002420       _NewtonCreateSceneCollision 10003420 f   Newton.obj
 0001:00002460       _NewtonSceneCollisionCreateProxy 10003460 f   Newton.obj
 0001:000024a0       _NewtonSceneCollisionDestroyProxy 100034a0 f   Newton.obj
 0001:000024c0       _NewtonSceneProxySetMatrix 100034c0 f   Newton.obj
 0001:00002510       _NewtonSceneProxyGetMatrix 10003510 f   Newton.obj
 0001:00002540       _NewtonSceneCollisionOptimize 10003540 f   Newton.obj
 0001:00002550       _NewtonCollisionPointDistance 10003550 f   Newton.obj
 0001:00002580       _NewtonCollisionClosestPoint 10003580 f   Newton.obj
 0001:000025b0       _NewtonCollisionCollide    100035b0 f   Newton.obj
 0001:000025f0       _NewtonCollisionCollideContinue 100035f0 f   Newton.obj
 0001:00002650       _NewtonCollisionSupportVertex 10003650 f   Newton.obj
 0001:000027e0       _NewtonCollisionRayCast    100037e0 f   Newton.obj
 0001:000029e0       _NewtonCollisionCalculateAABB 100039e0 f   Newton.obj
 0001:00002a40       _NewtonCollisionForEachPolygonDo 10003a40 f   Newton.obj
 0001:00002a80       _NewtonCollisionMakeUnique 10003a80 f   Newton.obj
 0001:00002a90       _NewtonAddCollisionReference 10003a90 f   Newton.obj
 0001:00002aa0       _NewtonReleaseCollision    10003aa0 f   Newton.obj
 0001:00002ab0       _NewtonCollisionSerialize  10003ab0 f   Newton.obj
 0001:00002ad0       _NewtonCreateCollisionFromSerialization 10003ad0 f   Newton.obj
 0001:00002af0       _NewtonCollisionGetInfo    10003af0 f   Newton.obj
 0001:00002b10       _NewtonGetEulerAngle       10003b10 f   Newton.obj
 0001:00002b40       _NewtonSetEulerAngle       10003b40 f   Newton.obj
 0001:00002f60       _NewtonCalculateSpringDamperAcceleration 10003f60 f   Newton.obj
 0001:00002fd0       _NewtonCreateBody          10003fd0 f   Newton.obj
 0001:00003020       _NewtonDestroyBody         10004020 f   Newton.obj
 0001:00003060       _NewtonBodySetUserData     10004060 f   Newton.obj
 0001:00003070       _NewtonBodyGetUserData     10004070 f   Newton.obj
 0001:00003080       _NewtonBodyGetWorld        10004080 f   Newton.obj
 0001:00003090       _NewtonBodySetTransformCallback 10004090 f   Newton.obj
 0001:000030a0       _NewtonBodyGetTransformCallback 100040a0 f   Newton.obj
 0001:000030b0       _NewtonBodySetForceAndTorqueCallback 100040b0 f   Newton.obj
 0001:000030c0       _NewtonBodyGetForceAndTorqueCallback 100040c0 f   Newton.obj
 0001:000030d0       _NewtonBodySetDestructorCallback 100040d0 f   Newton.obj
 0001:000030e0       _NewtonBodySetMassMatrix   100040e0 f   Newton.obj
 0001:00003270       _NewtonBodyGetMassMatrix   10004270 f   Newton.obj
 0001:000032f0       _NewtonBodyGetInvMass      100042f0 f   Newton.obj
 0001:00003370       _NewtonBodySetMatrix       10004370 f   Newton.obj
 0001:000033b0       _NewtonBodySetMatrixRecursive 100043b0 f   Newton.obj
 0001:000033f0       _NewtonBodyGetMatrix       100043f0 f   Newton.obj
 0001:00003410       _NewtonBodyGetRotation     10004410 f   Newton.obj
 0001:00003440       _NewtonBodySetForce        10004440 f   Newton.obj
 0001:00003480       _NewtonBodyAddForce        10004480 f   Newton.obj
 0001:000034c0       _NewtonBodyGetForceAcc     100044c0 f   Newton.obj
 0001:00003510       _NewtonBodyGetForce        10004510 f   Newton.obj
 0001:00003560       _NewtonBodyCalculateInverseDynamicsForce 10004560 f   Newton.obj
 0001:000035c0       _NewtonBodySetTorque       100045c0 f   Newton.obj
 0001:00003600       _NewtonBodyAddTorque       10004600 f   Newton.obj
 0001:00003640       _NewtonBodyGetTorque       10004640 f   Newton.obj
 0001:00003690       _NewtonBodyGetTorqueAcc    10004690 f   Newton.obj
 0001:000036e0       _NewtonBodySetCentreOfMass 100046e0 f   Newton.obj
 0001:00003720       _NewtonBodyGetCentreOfMass 10004720 f   Newton.obj
 0001:00003770       _NewtonBodyGetFirstJoint   10004770 f   Newton.obj
 0001:000037a0       _NewtonBodyGetNextJoint    100047a0 f   Newton.obj
 0001:000037b0       _NewtonBodyGetFirstContactJoint 100047b0 f   Newton.obj
 0001:000037e0       _NewtonBodyGetNextContactJoint 100047e0 f   Newton.obj
 0001:000037f0       _NewtonContactJointGetContactCount 100047f0 f   Newton.obj
 0001:00003810       _NewtonContactJointGetFirstContact 10004810 f   Newton.obj
 0001:00003840       _NewtonContactJointGetNextContact 10004840 f   Newton.obj
 0001:00003870       _NewtonContactJointRemoveContact 10004870 f   Newton.obj
 0001:000038b0       _NewtonContactGetMaterial  100048b0 f   Newton.obj
 0001:000038c0       _NewtonBodyAddBuoyancyForce 100048c0 f   Newton.obj
 0001:00003920       _NewtonBodySetCollision    10004920 f   Newton.obj
 0001:00003930       _NewtonBodyGetCollision    10004930 f   Newton.obj
 0001:00003940       _NewtonBodySetMaterialGroupID 10004940 f   Newton.obj
 0001:00003950       _NewtonBodyGetMaterialGroupID 10004950 f   Newton.obj
 0001:00003960       _NewtonBodySetContinuousCollisionMode 10004960 f   Newton.obj
 0001:00003980       _NewtonBodyGetContinuousCollisionMode 10004980 f   Newton.obj
 0001:000039a0       _NewtonBodySetJointRecursiveCollision 100049a0 f   Newton.obj
 0001:000039d0       _NewtonBodyGetJointRecursiveCollision 100049d0 f   Newton.obj
 0001:000039f0       _NewtonBodyGetFreezeState  100049f0 f   Newton.obj
 0001:00003a00       _NewtonBodySetFreezeState  10004a00 f   Newton.obj
 0001:00003a20       _NewtonBodySetAutoSleep    10004a20 f   Newton.obj
 0001:00003a60       _NewtonBodyGetAutoSleep    10004a60 f   Newton.obj
 0001:00003a80       _NewtonBodyGetSleepState   10004a80 f   Newton.obj
 0001:00003a90       _NewtonBodyGetAABB         10004a90 f   Newton.obj
 0001:00003b10       _NewtonBodySetVelocity     10004b10 f   Newton.obj
 0001:00003b70       _NewtonBodyGetVelocity     10004b70 f   Newton.obj
 0001:00003bc0       _NewtonBodySetOmega        10004bc0 f   Newton.obj
 0001:00003c20       _NewtonBodyGetOmega        10004c20 f   Newton.obj
 0001:00003c70       _NewtonBodySetLinearDamping 10004c70 f   Newton.obj
 0001:00003cc0       _NewtonBodyGetLinearDamping 10004cc0 f   Newton.obj
 0001:00003ce0       _NewtonBodySetAngularDamping 10004ce0 f   Newton.obj
 0001:00003d20       _NewtonBodyGetAngularDamping 10004d20 f   Newton.obj
 0001:00003d80       _NewtonBodyAddImpulse      10004d80 f   Newton.obj
 0001:00003df0       _NewtonConstraintCreateBall 10004df0 f   Newton.obj
 0001:00003e60       _NewtonBallSetConeLimits   10004e60 f   Newton.obj
 0001:00004180       _NewtonBallSetUserCallback 10005180 f   Newton.obj
 0001:00004190       _NewtonBallGetJointAngle   10005190 f   Newton.obj
 0001:000041e0       _NewtonBallGetJointOmega   100051e0 f   Newton.obj
 0001:00004210       _NewtonBallGetJointForce   10005210 f   Newton.obj
 0001:00004250       _NewtonConstraintCreateHinge 10005250 f   Newton.obj
 0001:000042b0       _NewtonSliderGetJointPosit 100052b0 f   Newton.obj
 0001:000042b0       _NewtonUniversalGetJointAngle0 100052b0 f   Newton.obj
 0001:000042b0       _NewtonCorkscrewGetJointAngle 100052b0 f   Newton.obj
 0001:000042b0       _NewtonHingeGetJointAngle  100052b0 f   Newton.obj
 0001:000042c0       _NewtonCorkscrewGetJointOmega 100052c0 f   Newton.obj
 0001:000042c0       _NewtonUniversalGetJointOmega0 100052c0 f   Newton.obj
 0001:000042c0       _NewtonHingeGetJointOmega  100052c0 f   Newton.obj
 0001:000042d0       _NewtonHingeCalculateStopAlpha 100052d0 f   Newton.obj
 0001:000042f0       _NewtonHingeGetJointForce  100052f0 f   Newton.obj
 0001:00004330       _NewtonConstraintCreateSlider 10005330 f   Newton.obj
 0001:00004390       _NewtonHingeSetUserCallback 10005390 f   Newton.obj
 0001:00004390       _NewtonSliderSetUserCallback 10005390 f   Newton.obj
 0001:000043a0       _NewtonSliderCalculateStopAccel 100053a0 f   Newton.obj
 0001:000043c0       _NewtonSliderGetJointForce 100053c0 f   Newton.obj
 0001:00004400       _NewtonConstraintCreateCorkscrew 10005400 f   Newton.obj
 0001:00004460       _NewtonUniversalGetJointAngle1 10005460 f   Newton.obj
 0001:00004460       _NewtonCorkscrewGetJointPosit 10005460 f   Newton.obj
 0001:00004470       _NewtonCorkscrewGetJointVeloc 10005470 f   Newton.obj
 0001:00004470       _NewtonSliderGetJointVeloc 10005470 f   Newton.obj
 0001:00004480       _NewtonUniversalCalculateStopAlpha0 10005480 f   Newton.obj
 0001:00004480       _NewtonCorkscrewCalculateStopAlpha 10005480 f   Newton.obj
 0001:000044a0       _NewtonCorkscrewCalculateStopAccel 100054a0 f   Newton.obj
 0001:000044c0       _NewtonConstraintCreateUniversal 100054c0 f   Newton.obj
 0001:00004540       _NewtonCorkscrewSetUserCallback 10005540 f   Newton.obj
 0001:00004540       _NewtonUniversalSetUserCallback 10005540 f   Newton.obj
 0001:00004550       _NewtonUniversalGetJointOmega1 10005550 f   Newton.obj
 0001:00004560       _NewtonUniversalCalculateStopAlpha1 10005560 f   Newton.obj
 0001:00004580       _NewtonCorkscrewGetJointForce 10005580 f   Newton.obj
 0001:00004580       _NewtonUniversalGetJointForce 10005580 f   Newton.obj
 0001:000045c0       _NewtonConstraintCreateUpVector 100055c0 f   Newton.obj
 0001:00004600       _NewtonUpVectorGetPin      10005600 f   Newton.obj
 0001:00004650       _NewtonUpVectorSetPin      10005650 f   Newton.obj
 0001:00004690       _NewtonConstraintCreateUserJoint 10005690 f   Newton.obj
 0001:000046d0       _NewtonUserJointAddLinearRow 100056d0 f   Newton.obj
 0001:000047d0       _NewtonUserJointAddAngularRow 100057d0 f   Newton.obj
 0001:00004890       _NewtonUserJointAddGeneralRow 10005890 f   Newton.obj
 0001:000048b0       _NewtonUserJointSetRowMaximumFriction 100058b0 f   Newton.obj
 0001:000048d0       _NewtonUserJointSetRowMinimumFriction 100058d0 f   Newton.obj
 0001:000048f0       _NewtonUserJointSetRowAcceleration 100058f0 f   Newton.obj
 0001:00004920       _NewtonUserJointSetRowSpringDamperAcceleration 10005920 f   Newton.obj
 0001:00004940       _NewtonUserJointSetRowStiffness 10005940 f   Newton.obj
 0001:00004960       _NewtonUserJointGetRowForce 10005960 f   Newton.obj
 0001:00004990       _NewtonUserJointSetFeedbackCollectorCallback 10005990 f   Newton.obj
 0001:000049a0       _NewtonJointSetUserData    100059a0 f   Newton.obj
 0001:000049b0       _NewtonJointGetUserData    100059b0 f   Newton.obj
 0001:000049c0       _NewtonJointGetInfo        100059c0 f   Newton.obj
 0001:000049e0       _NewtonJointGetBody1       100059e0 f   Newton.obj
 0001:00004a00       _NewtonJointSetCollisionState 10005a00 f   Newton.obj
 0001:00004a20       _NewtonJointGetCollisionState 10005a20 f   Newton.obj
 0001:00004a30       _NewtonJointSetStiffness   10005a30 f   Newton.obj
 0001:00004a50       _NewtonJointGetStiffness   10005a50 f   Newton.obj
 0001:00004a60       _NewtonJointSetDestructor  10005a60 f   Newton.obj
 0001:00004a70       _NewtonDestroyJoint        10005a70 f   Newton.obj
 0001:00004ac0       _NewtonMeshCreate          10005ac0 f   Newton.obj
 0001:00004b20       _NewtonMeshCreateFromMesh  10005b20 f   Newton.obj
 0001:00004b50       _NewtonMeshCreateFromCollision 10005b50 f   Newton.obj
 0001:00004b80       _NewtonMeshConvexHull      10005b80 f   Newton.obj
 0001:00004bd0       _NewtonMeshCreatePlane     10005bd0 f   Newton.obj
 0001:00004c30       _NewtonMeshDestroy         10005c30 f   Newton.obj
 0001:00004c50       _NewtonMeshCalculateOOBB   10005c50 f   Newton.obj
 0001:00004ca0       _NewtonMeshCalculateVertexNormals 10005ca0 f   Newton.obj
 0001:00004cc0       _NewtonMeshApplySphericalMapping 10005cc0 f   Newton.obj
 0001:00004cd0       _NewtonMeshApplyBoxMapping 10005cd0 f   Newton.obj
 0001:00004cf0       _NewtonMeshApplyCylindricalMapping 10005cf0 f   Newton.obj
 0001:00004d10       _NewtonMeshTriangulate     10005d10 f   Newton.obj
 0001:00004d20       _NewtonMeshPolygonize      10005d20 f   Newton.obj
 0001:00004d30       _NewtonMeshIsOpenMesh      10005d30 f   Newton.obj
 0001:00004d50       _NewtonMeshFixTJoints      10005d50 f   Newton.obj
 0001:00004d60       _NewtonMeshClip            10005d60 f   Newton.obj
 0001:00004db0       _NewtonMeshUnion           10005db0 f   Newton.obj
 0001:00004db0       _NewtonMeshIntersection    10005db0 f   Newton.obj
 0001:00004db0       _NewtonMeshDifference      10005db0 f   Newton.obj
 0001:00004de0       _NewtonRemoveUnusedVertices 10005de0 f   Newton.obj
 0001:00004df0       _NewtonMeshBeginFace       10005df0 f   Newton.obj
 0001:00004e20       _NewtonMeshAddFace         10005e20 f   Newton.obj
 0001:00004e40       _NewtonMeshEndFace         10005e40 f   Newton.obj
 0001:00004e50       _NewtonMeshBuildFromVertexListIndexList 10005e50 f   Newton.obj
 0001:00004eb0       _NewtonMeshGetVertexCount  10005eb0 f   Newton.obj
 0001:00004ec0       _NewtonMeshGetVertexStrideInByte 10005ec0 f   Newton.obj
 0001:00004ed0       _NewtonMeshGetVertexArray  10005ed0 f   Newton.obj
 0001:00004ee0       _NewtonMeshGetPointCount   10005ee0 f   Newton.obj
 0001:00004ee0       _NewtonMaterialGetContactFaceAttribute 10005ee0 f   Newton.obj
 0001:00004ef0       _NewtonMeshGetPointStrideInByte 10005ef0 f   Newton.obj
 0001:00004f00       _NewtonMeshGetPointArray   10005f00 f   Newton.obj
 0001:00004f10       _NewtonMeshGetNormalArray  10005f10 f   Newton.obj
 0001:00004f20       _NewtonMeshGetUV0Array     10005f20 f   Newton.obj
 0001:00004f30       _NewtonMeshGetUV1Array     10005f30 f   Newton.obj
 0001:00004f40       _NewtonMeshGetVertexStreams 10005f40 f   Newton.obj
 0001:00004f80       _NewtonMeshGetIndirectVertexStreams 10005f80 f   Newton.obj
 0001:00004fe0       _NewtonMeshBeginHandle     10005fe0 f   Newton.obj
 0001:00004ff0       _NewtonMeshEndHandle       10005ff0 f   Newton.obj
 0001:00005020       _NewtonMeshFirstMaterial   10006020 f   Newton.obj
 0001:00005030       _NewtonMeshNextMaterial    10006030 f   Newton.obj
 0001:00005050       _NewtonMeshMaterialGetMaterial 10006050 f   Newton.obj
 0001:00005060       _NewtonMeshMaterialGetIndexCount 10006060 f   Newton.obj
 0001:00005070       _NewtonMeshMaterialGetIndexStream 10006070 f   Newton.obj
 0001:00005090       _NewtonMeshMaterialGetIndexStreamShort 10006090 f   Newton.obj
 0001:000050b0       _NewtonMeshCreateFirstSingleSegment 100060b0 f   Newton.obj
 0001:00005130       _NewtonMeshCreateNextSingleSegment 10006130 f   Newton.obj
 0001:000051b0       _NewtonMeshGetTotalFaceCount 100061b0 f   Newton.obj
 0001:000051c0       _NewtonMeshGetTotalIndexCount 100061c0 f   Newton.obj
 0001:000051d0       _NewtonMeshGetFaces        100061d0 f   Newton.obj
 0001:000051f0       _NewtonMeshGetFirstVertex  100061f0 f   Newton.obj
 0001:00005200       _NewtonMeshGetNextVertex   10006200 f   Newton.obj
 0001:00005210       _NewtonMeshGetFirstPoint   10006210 f   Newton.obj
 0001:00005220       _NewtonMeshGetNextPoint    10006220 f   Newton.obj
 0001:00005230       _NewtonMeshGetPointIndex   10006230 f   Newton.obj
 0001:00005240       _NewtonMeshGetVertexIndex  10006240 f   Newton.obj
 0001:00005240       _NewtonMeshGetVertexIndexFromPoint 10006240 f   Newton.obj
 0001:00005250       _NewtonMeshGetFirstEdge    10006250 f   Newton.obj
 0001:000052a0       _NewtonMeshGetNextEdge     100062a0 f   Newton.obj
 0001:000052b0       _NewtonMeshGetEdgeIndices  100062b0 f   Newton.obj
 0001:000052d0       _NewtonMeshGetFirstFace    100062d0 f   Newton.obj
 0001:000052e0       _NewtonMeshGetNextFace     100062e0 f   Newton.obj
 0001:000052f0       _NewtonMeshIsFaceOpen      100062f0 f   Newton.obj
 0001:00005300       _NewtonMeshGetFaceIndexCount 10006300 f   Newton.obj
 0001:00005320       _NewtonMeshGetFaceMaterial 10006320 f   Newton.obj
 0001:00005340       _NewtonMeshGetFaceIndices  10006340 f   Newton.obj
 0001:00005360       _NewtonMeshGetFacePointIndices 10006360 f   Newton.obj
 0001:00005390       ?Insert@?$dgTree@PAVdgConstraint@@PAV1@@@QAEPAVdgTreeNode@1@ABQAVdgConstraint@@PAV3@AA_N@Z 10006390 f i Newton.obj
 0001:00005390       ?Insert@?$dgTree@PAVdgBody@@PAX@@QAEPAVdgTreeNode@1@ABQAVdgBody@@PAXAA_N@Z 10006390 f i NewtonClass.obj
 0001:00005390       ?Insert@?$dgTree@PAVdgConstraint@@PAX@@QAEPAVdgTreeNode@1@ABQAVdgConstraint@@PAXAA_N@Z 10006390 f i NewtonClass.obj
 0001:00005460       ?Unlink@?$dgList@VdgContactMaterial@@@@QAEXQAVdgListNode@1@@Z 10006460 f i Newton.obj
 0001:000054c0       ?SetAngularDamping@dgBody@@QAEXABVdgVector@@@Z 100064c0 f i Newton.obj
 0001:000055a0       ?SetCentreOfMass@dgBody@@QAEXABVdgVector@@@Z 100065a0 f i Newton.obj
 0001:00005670       ?AddTorque@dgBody@@QAEXABVdgVector@@@Z 10006670 f i Newton.obj
 0001:000056e0       ?SetTorque@dgBody@@QAEXABVdgVector@@@Z 100066e0 f i Newton.obj
 0001:00005790       ?AddForce@dgBody@@QAEXABVdgVector@@@Z 10006790 f i Newton.obj
 0001:00005800       ?SetForce@dgBody@@QAEXABVdgVector@@@Z 10006800 f i Newton.obj
 0001:000058b0       ?Scale@?$dgTemplateVector@M@@QBE?AV1@M@Z 100068b0 f i Newton.obj
 0001:000058e0       ??L?$dgTemplateVector@M@@QBEMABV0@@Z 100068e0 f i Newton.obj
 0001:00005900       ??D?$dgTemplateVector@M@@QBE?AV0@ABV0@@Z 10006900 f i Newton.obj
 0001:00005940       ??H?$dgTemplateVector@M@@QBE?AV0@ABV0@@Z 10006940 f i Newton.obj
 0001:00005970       ??G?$dgTemplateVector@M@@QBE?AV0@ABV0@@Z 10006970 f i Newton.obj
 0001:000059a0       ??0?$dgTemplateVector@M@@QAE@MMMM@Z 100069a0 f i Newton.obj
 0001:000059c0       _ceilf                     100069c0 f i Newton.obj
 0001:000059f0       ?dgReleasedUserLock@dgWorld@@QBEXXZ 100069f0 f i Newton.obj
 0001:00005a10       ?dgGetUserLock@dgWorld@@QBEXXZ 10006a10 f i Newton.obj
 0001:00005a30       ?Init@dgBilateralConstraint@@MAEXXZ 10006a30 f i NewtonClass.obj
 0001:00005a40       ?DestroyBodies@NewtonDeadBodies@@QAEXAAVNewton@@@Z 10006a40 f   NewtonClass.obj
 0001:00005bb0       ?DestroyJoints@NewtonDeadJoints@@QAEXAAVNewton@@@Z 10006bb0 f   NewtonClass.obj
 0001:00005c50       ?DefaultAllocMemory@Newton@@SAPAXH@Z 10006c50 f   NewtonClass.obj
 0001:00005c50       ?__malloc__@dgGlobalAllocator@@SAPAXI@Z 10006c50 f   corelib:dgMemory.obj
 0001:00005c60       ??0Newton@@QAE@MQAVdgMemoryAllocator@@@Z 10006c60 f   NewtonClass.obj
 0001:00005ce0       ??1Newton@@QAE@XZ          10006ce0 f   NewtonClass.obj
 0001:00005d40       ??0NewtonUserJoint@@QAE@PAVdgWorld@@HP6AXPBUNewtonJoint@@MH@ZP6AX1PAUNewtonJointRecord@@@ZPAVdgBody@@5@Z 10006d40 f   NewtonClass.obj
 0001:00005e10       ??_ENewtonUserJoint@@UAEPAXI@Z 10006e10 f i  CIL library: CIL module
 0001:00005e10       ??_GNewtonUserJoint@@UAEPAXI@Z 10006e10 f i NewtonClass.obj
 0001:00005e70       ?JacobianDerivative@NewtonUserJoint@@UAEIAAVdgContraintDescritor@@@Z 10006e70 f   NewtonClass.obj
 0001:00005eb0       ?AddLinearRowJacobian@NewtonUserJoint@@QAEXABVdgVector@@00@Z 10006eb0 f   NewtonClass.obj
 0001:00005f60       ?AddAngularRowJacobian@NewtonUserJoint@@QAEXABVdgVector@@M@Z 10006f60 f   NewtonClass.obj
 0001:00006030       ?AddGeneralRowJacobian@NewtonUserJoint@@QAEXPBM0@Z 10007030 f   NewtonClass.obj
 0001:000060e0       ?SetSpringDamperAcceleration@NewtonUserJoint@@QAEXMM@Z 100070e0 f   NewtonClass.obj
 0001:00006150       ?SetHighFriction@NewtonUserJoint@@QAEXM@Z 10007150 f   NewtonClass.obj
 0001:000061c0       ?SetLowerFriction@NewtonUserJoint@@QAEXM@Z 100071c0 f   NewtonClass.obj
 0001:00006240       ?SetRowStiffness@NewtonUserJoint@@QAEXM@Z 10007240 f   NewtonClass.obj
 0001:000062b0       ?GetInfo@NewtonUserJoint@@UBEXQAVdgConstraintInfo@@@Z 100072b0 f   NewtonClass.obj
 0001:000062f0       ?ModifierGetMatrix@dgCollision@@UBE?AVdgMatrix@@XZ 100072f0 f i physics:dgWorld.obj
 0001:00006310       ?Release@dgCollision@@UAEHXZ 10007310 f i physics:dgWorld.obj
 0001:00006330       ?GetBreakImpulse@dgCollision@@UBEMXZ 10007330 f i physics:dgWorld.obj
 0001:00006340       ??0dgWorld@@QAE@QAVdgMemoryAllocator@@@Z 10007340 f   physics:dgWorld.obj
 0001:00006ab0       ??1dgWorldDynamicUpdate@@QAE@XZ 10007ab0 f i physics:dgWorld.obj
 0001:00006c10       ??1dgWorld@@QAE@XZ         10007c10 f   physics:dgWorld.obj
 0001:00006ed0       ?RemoveAllGroupID@dgWorld@@QAEXXZ 10007ed0 f   physics:dgWorld.obj
 0001:00006f30       ?DestroyAllBodies@dgWorld@@QAEXXZ 10007f30 f   physics:dgWorld.obj
 0001:00007040       ?CreateBody@dgWorld@@QAEPAVdgBody@@QAVdgCollision@@ABVdgMatrix@@@Z 10008040 f   physics:dgWorld.obj
 0001:000071d0       ?DestroyBody@dgWorld@@QAEXQAVdgBody@@@Z 100081d0 f   physics:dgWorld.obj
 0001:00007230       ?UpdateCollision@dgWorld@@QAEXXZ 10008230 f   physics:dgWorld.obj
 0001:00007340       ?Update@dgWorld@@QAEXM@Z   10008340 f   physics:dgWorld.obj
 0001:000074c0       ?CreateHingeConstraint@dgWorld@@QAEPAVdgHingeConstraint@@ABVdgVector@@0QAVdgBody@@PAV4@@Z 100084c0 f   physics:dgWorld.obj
 0001:00007540       ?CreateUpVectorConstraint@dgWorld@@QAEPAVdgUpVectorConstraint@@ABVdgVector@@PAVdgBody@@@Z 10008540 f   physics:dgWorld.obj
 0001:00007640       ?CreateSlidingConstraint@dgWorld@@QAEPAVdgSlidingConstraint@@ABVdgVector@@0QAVdgBody@@PAV4@@Z 10008640 f   physics:dgWorld.obj
 0001:000076c0       ?CreateCorkscrewConstraint@dgWorld@@QAEPAVdgCorkscrewConstraint@@ABVdgVector@@0QAVdgBody@@PAV4@@Z 100086c0 f   physics:dgWorld.obj
 0001:00007750       ?CreateUniversalConstraint@dgWorld@@QAEPAVdgUniversalConstraint@@ABVdgVector@@00QAVdgBody@@PAV4@@Z 10008750 f   physics:dgWorld.obj
 0001:000077d0       ?BodySetMatrix@dgWorld@@QAEXPAVdgBody@@ABVdgMatrix@@@Z 100087d0 f   physics:dgWorld.obj
 0001:00007a80       ?AreBodyConnectedByJoints@dgWorld@@AAE_NQAVdgBody@@0@Z 10008a80 f   physics:dgWorld.obj
 0001:00007b60       ?FlushCache@dgWorld@@QAEXXZ 10008b60 f   physics:dgWorld.obj
 0001:00007bc0       ?ApplyExtenalForces@dgBody@@AAEXMH@Z 10008bc0 f i physics:dgBroadPhaseCollision.obj
 0001:00007c60       ?IsInEquelibrium@dgBody@@QBE_NXZ 10008c60 f i physics:dgBroadPhaseCollision.obj
 0001:00007da0       ?Remove@dgSortArray@@QAEXQAVdgBody@@@Z 10008da0 f   physics:dgBroadPhaseCollision.obj
 0001:00007e10       ?Sort@dgSortArray@@QAEMXZ  10008e10 f   physics:dgBroadPhaseCollision.obj
 0001:00007f40       ?RayCast@dgSortArray@@QBEMMABUdgLineBox@@P6AMQBVdgBody@@ABVdgVector@@HQAXM@ZP6AI1QBVdgCollision@@3@Z3@Z 10008f40 f   physics:dgBroadPhaseCollision.obj
 0001:00007fd0       ?Init@dgBroadPhaseCell@@AAEXHPAVdgMemoryAllocator@@@Z 10008fd0 f   physics:dgBroadPhaseCollision.obj
 0001:00008020       ?Add@dgBroadPhaseCell@@AAEXQAVdgBody@@@Z 10009020 f   physics:dgBroadPhaseCollision.obj
 0001:000080d0       ?Remove@dgBroadPhaseCell@@AAEXQAVdgBody@@@Z 100090d0 f   physics:dgBroadPhaseCollision.obj
 0001:00008110       ?UpdateAutoPair@dgBroadPhaseCell@@AAEXQAVdgWorld@@H@Z 10009110 f   physics:dgBroadPhaseCollision.obj
 0001:00008240       ?Init@dgBroadPhaseLayer@@AAEXQAVdgWorld@@MH@Z 10009240 f   physics:dgBroadPhaseCollision.obj
 0001:00008260       ?FindCreate@dgBroadPhaseLayer@@AAEPAVdgBroadPhaseCell@@HH@Z 10009260 f   physics:dgBroadPhaseCollision.obj
 0001:00008350       ??0dgBroadPhaseCollision@@AAE@PAVdgMemoryAllocator@@@Z 10009350 f   physics:dgBroadPhaseCollision.obj
 0001:00008740       ??_GdgBroadPhaseCellPairsWorkerThread@@UAEPAXI@Z 10009740 f i physics:dgBroadPhaseCollision.obj
 0001:00008740       ??_EdgParallelSolverCalculateForces@@UAEPAXI@Z 10009740 f i  CIL library: CIL module
 0001:00008740       ??_GdgParallelSolverBuildJacobianRows@@UAEPAXI@Z 10009740 f i physics:dgWorldDynamicUpdate.obj
 0001:00008740       ??_GdgBroadPhaseCalculateContactsWorkerThread@@UAEPAXI@Z 10009740 f i physics:dgBroadPhaseCollision.obj
 0001:00008740       ??_GdgWorkerThread@@UAEPAXI@Z 10009740 f i physics:dgWorld.obj
 0001:00008740       ??_GdgSolverWorlkerThreads@@UAEPAXI@Z 10009740 f i physics:dgWorldDynamicUpdate.obj
 0001:00008740       ??_GdgParallelSolverInitFeedbackUpdate@@UAEPAXI@Z 10009740 f i physics:dgWorldDynamicUpdate.obj
 0001:00008740       ??_GdgParallelSolverJointAcceleration@@UAEPAXI@Z 10009740 f i physics:dgWorldDynamicUpdate.obj
 0001:00008740       ??_EdgParallelSolverBodyInertia@@UAEPAXI@Z 10009740 f i  CIL library: CIL module
 0001:00008740       ??_EdgBroadPhaseCalculateContactsWorkerThread@@UAEPAXI@Z 10009740 f i  CIL library: CIL module
 0001:00008740       ??_EdgParallelSolverBuildJacobianMatrix@@UAEPAXI@Z 10009740 f i  CIL library: CIL module
 0001:00008740       ??_EdgParallelSolverClear@@UAEPAXI@Z 10009740 f i  CIL library: CIL module
 0001:00008740       ??_GdgBroadPhaseApplyExternalForce@@UAEPAXI@Z 10009740 f i physics:dgBroadPhaseCollision.obj
 0001:00008740       ??_GdgParallelSolverInitInternalForces@@UAEPAXI@Z 10009740 f i physics:dgWorldDynamicUpdate.obj
 0001:00008740       ??_EdgParallelSolverUpdateForce@@UAEPAXI@Z 10009740 f i  CIL library: CIL module
 0001:00008740       ??_GdgParallelSolverUpdateForce@@UAEPAXI@Z 10009740 f i physics:dgWorldDynamicUpdate.obj
 0001:00008740       ??_EdgBroadPhaseCellPairsWorkerThread@@UAEPAXI@Z 10009740 f i  CIL library: CIL module
 0001:00008740       ??_EdgParallelSolverUpdateVeloc@@UAEPAXI@Z 10009740 f i  CIL library: CIL module
 0001:00008740       ??_GdgParallelSolverClear@@UAEPAXI@Z 10009740 f i physics:dgWorldDynamicUpdate.obj
 0001:00008740       ??_GdgParallelSolverUpdateVeloc@@UAEPAXI@Z 10009740 f i physics:dgWorldDynamicUpdate.obj
 0001:00008740       ??_GdgBroadPhaseMaterialCallbackWorkerThread@@UAEPAXI@Z 10009740 f i physics:dgBroadPhaseCollision.obj
 0001:00008740       ??_EdgParallelSolverBuildJacobianRows@@UAEPAXI@Z 10009740 f i  CIL library: CIL module
 0001:00008740       ??_EdgParallelSolverInitInternalForces@@UAEPAXI@Z 10009740 f i  CIL library: CIL module
 0001:00008740       ??_GdgParallelSolverBodyInertia@@UAEPAXI@Z 10009740 f i physics:dgWorldDynamicUpdate.obj
 0001:00008740       ??_EdgWorkerThread@@UAEPAXI@Z 10009740 f i  CIL library: CIL module
 0001:00008740       ??_EdgParallelSolverJointAcceleration@@UAEPAXI@Z 10009740 f i  CIL library: CIL module
 0001:00008740       ??_EdgParallelSolverInitFeedbackUpdate@@UAEPAXI@Z 10009740 f i  CIL library: CIL module
 0001:00008740       ??_GdgParallelSolverCalculateForces@@UAEPAXI@Z 10009740 f i physics:dgWorldDynamicUpdate.obj
 0001:00008740       ??_EdgSolverWorlkerThreads@@UAEPAXI@Z 10009740 f i  CIL library: CIL module
 0001:00008740       ??_EdgBroadPhaseApplyExternalForce@@UAEPAXI@Z 10009740 f i  CIL library: CIL module
 0001:00008740       ??_EdgBroadPhaseMaterialCallbackWorkerThread@@UAEPAXI@Z 10009740 f i  CIL library: CIL module
 0001:00008740       ??_GdgParallelSolverBuildJacobianMatrix@@UAEPAXI@Z 10009740 f i physics:dgWorldDynamicUpdate.obj
 0001:00008760       ??1dgBroadPhaseCollision@@AAE@XZ 10009760 f   physics:dgBroadPhaseCollision.obj
 0001:00008870       ?SetWorldSize@dgBroadPhaseCollision@@QAEXABVdgVector@@0@Z 10009870 f   physics:dgBroadPhaseCollision.obj
 0001:00008be0       ?InvalidateCache@dgBroadPhaseCollision@@AAEXXZ 10009be0 f   physics:dgBroadPhaseCollision.obj
 0001:00008c60       ?Remove@dgBroadPhaseCollision@@AAEXQAVdgBody@@@Z 10009c60 f   physics:dgBroadPhaseCollision.obj
 0001:00008d00       ?UpdatePairs@dgBroadPhaseCollision@@ABEXQAVdgBody@@QAVdgListNode@?$dgList@VdgSortArrayEntry@@@@HH@Z 10009d00 f   physics:dgBroadPhaseCollision.obj
 0001:00008e00       ?UpdatePairs@dgBroadPhaseCollision@@ABEXAAVdgBroadPhaseCell@@0H@Z 10009e00 f   physics:dgBroadPhaseCollision.obj
 0001:00008e70       ?ForEachBodyInAABB@dgBroadPhaseCollision@@QBEXABVdgVector@@0P6AXPAVdgBody@@QAX@Z2@Z 10009e70 f   physics:dgBroadPhaseCollision.obj
 0001:000091d0       ?ConvexCast@dgBroadPhaseCollision@@QBEHQAVdgCollision@@ABVdgMatrix@@ABVdgVector@@AAMP6AIQBVdgBody@@QBV2@QAX@Z6QAVdgConvexCastReturnInfo@@HH@Z 1000a1d0 f   physics:dgBroadPhaseCollision.obj
 0001:00009d90       ?Realloc@dgBroadPhaseCalculateContactsWorkerThread@@QAEXHHH@Z 1000ad90 f   physics:dgBroadPhaseCollision.obj
 0001:00009ee0       ?ThreadExecute@dgBroadPhaseCellPairsWorkerThread@@UAEXXZ 1000aee0 f   physics:dgBroadPhaseCollision.obj
 0001:00009f50       ?ThreadExecute@dgBroadPhaseApplyExternalForce@@UAEXXZ 1000af50 f   physics:dgBroadPhaseCollision.obj
 0001:0000a180       ?ThreadExecute@dgBroadPhaseCalculateContactsWorkerThread@@UAEXXZ 1000b180 f   physics:dgBroadPhaseCollision.obj
 0001:0000a2e0       ?ThreadExecute@dgBroadPhaseMaterialCallbackWorkerThread@@UAEXXZ 1000b2e0 f   physics:dgBroadPhaseCollision.obj
 0001:0000a3b0       ?RayCast@dgBroadPhaseCollision@@QBEXABVdgVector@@0P6AMQBVdgBody@@0HQAXM@ZP6AI1QBVdgCollision@@2@Z2@Z 1000b3b0 f   physics:dgBroadPhaseCollision.obj
 0001:0000ae00       ?UpdateBodyBroadphase@dgBroadPhaseCollision@@AAEXQAVdgBody@@H@Z 1000be00 f   physics:dgBroadPhaseCollision.obj
 0001:0000b2d0       ?UpdateContactsBroadPhaseBegin@dgBroadPhaseCollision@@AAEIM_NI@Z 1000c2d0 f   physics:dgBroadPhaseCollision.obj
 0001:0000bd20       ?UpdateContactsBroadPhaseEnd@dgBroadPhaseCollision@@AAEXM@Z 1000cd20 f   physics:dgBroadPhaseCollision.obj
 0001:0000bde0       ?UpdateContactsSimd@dgBroadPhaseCollision@@AAEXM_N@Z 1000cde0 f   physics:dgBroadPhaseCollision.obj
 0001:0000c010       ?UpdateContacts@dgBroadPhaseCollision@@AAEXM_N@Z 1000d010 f   physics:dgBroadPhaseCollision.obj
 0001:0000c240       ??Z?$dgTemplateVector@M@@QAEAAV0@ABV0@@Z 1000d240 f i physics:dgBroadPhaseCollision.obj
 0001:0000c260       ?Append@?$dgList@VdgSortArrayEntry@@@@QAEPAVdgListNode@1@XZ 1000d260 f i physics:dgBroadPhaseCollision.obj
 0001:0000c2d0       ?Remove@?$dgTree@VdgBroadPhaseCell@@I@@QAEXQAVdgTreeNode@1@@Z 1000d2d0 f i physics:dgBroadPhaseCollision.obj
 0001:0000c2f0       ?Insert@?$dgTree@VdgBroadPhaseCell@@I@@QAEPAVdgTreeNode@1@ABVdgBroadPhaseCell@@IAA_N@Z 1000d2f0 f i physics:dgBroadPhaseCollision.obj
 0001:0000c3d0       _logf                      1000d3d0 f i physics:dgBroadPhaseCollision.obj
 0001:0000c3e0       _powf                      1000d3e0 f i physics:dgBroadPhaseCollision.obj
 0001:0000c3f0       ?AddDamingAcceleration@dgBody@@AAEXXZ 1000d3f0 f i physics:dgWorldDynamicUpdate.obj
 0001:0000c550       ??0dgWorldDynamicUpdate@@AAE@XZ 1000d550 f   physics:dgWorldDynamicUpdate.obj
 0001:0000c9d0       ?UpdateDynamics@dgWorldDynamicUpdate@@AAEXQAVdgWorld@@HM@Z 1000d9d0 f   physics:dgWorldDynamicUpdate.obj
 0001:0000cdd0       ?ThreadExecute@dgSolverWorlkerThreads@@UAEXXZ 1000ddd0 f   physics:dgWorldDynamicUpdate.obj
 0001:0000d6a0       ?ReallocBodyMemory@dgWorldDynamicUpdate@@AAEXH@Z 1000e6a0 f   physics:dgWorldDynamicUpdate.obj
 0001:0000d7b0       ?ReallocIslandMemory@dgWorldDynamicUpdate@@AAEXH@Z 1000e7b0 f   physics:dgWorldDynamicUpdate.obj
 0001:0000d8e0       ?ReallocJointsMemory@dgWorldDynamicUpdate@@AAEXH@Z 1000e8e0 f   physics:dgWorldDynamicUpdate.obj
 0001:0000da10       ?ReallocJacobiansMemory@dgWorldDynamicUpdate@@AAEXHH@Z 1000ea10 f   physics:dgWorldDynamicUpdate.obj
 0001:0000dce0       ?ReallocIntenalForcesMemory@dgWorldDynamicUpdate@@AAEXHH@Z 1000ece0 f   physics:dgWorldDynamicUpdate.obj
 0001:0000de70       ?BuildIsland@dgWorldDynamicUpdate@@AAEXAAV?$dgQueue@PAVdgBody@@@@HHH@Z 1000ee70 f   physics:dgWorldDynamicUpdate.obj
 0001:0000e0a0       ?SpanningTree@dgWorldDynamicUpdate@@AAEXQAVdgBody@@@Z 1000f0a0 f   physics:dgWorldDynamicUpdate.obj
 0001:0000e490       ?IntegrateArray@dgWorldDynamicUpdate@@ABEXPBVdgBodyInfo@@HMMH_N@Z 1000f490 f   physics:dgWorldDynamicUpdate.obj
 0001:0000eaf0       ?GetJacobialDerivatives@dgWorldDynamicUpdate@@AAEHABVdgIsland@@H_NHM@Z 1000faf0 f   physics:dgWorldDynamicUpdate.obj
 0001:0000f070       ?BuildJacobianMatrixSimd@dgWorldDynamicUpdate@@AAEXABVdgIsland@@HM@Z 10010070 f   physics:dgWorldDynamicUpdate.obj
 0001:0000f5d0       ?BuildJacobianMatrix@dgWorldDynamicUpdate@@AAEXABVdgIsland@@HM@Z 100105d0 f   physics:dgWorldDynamicUpdate.obj
 0001:0000fc90       ?ApplyExternalForcesAndAccelerationSimd@dgJacobianMemory@@QBEXM@Z 10010c90 f   physics:dgWorldDynamicUpdate.obj
 0001:0000ffd0       ?ApplyExternalForcesAndAcceleration@dgJacobianMemory@@QBEXM@Z 10010fd0 f   physics:dgWorldDynamicUpdate.obj
 0001:00010600       ?SwapRowsSimd@dgJacobianMemory@@QBEXHH@Z 10011600 f   physics:dgWorldDynamicUpdate.obj
 0001:000107c0       ?SwapRows@dgJacobianMemory@@QBEXHH@Z 100117c0 f   physics:dgWorldDynamicUpdate.obj
 0001:00010900       ?CalculateSimpleBodyReactionsForcesSimd@dgJacobianMemory@@QBEXM@Z 10011900 f   physics:dgWorldDynamicUpdate.obj
 0001:000115e0       ?CalculateSimpleBodyReactionsForces@dgJacobianMemory@@QBEXM@Z 100125e0 f   physics:dgWorldDynamicUpdate.obj
 0001:000124e0       ?CalculateForcesSimulationModeSimd@dgJacobianMemory@@QBEXM@Z 100134e0 f   physics:dgWorldDynamicUpdate.obj
 0001:00013970       ?CalculateForcesSimulationMode@dgJacobianMemory@@QBEXM@Z 10014970 f   physics:dgWorldDynamicUpdate.obj
 0001:00015e00       ?CalculateJointForcesSimd@dgJacobianMemory@@QBEMHPAMM@Z 10016e00 f   physics:dgWorldDynamicUpdate.obj
 0001:00016980       ?CalculateJointForces@dgJacobianMemory@@QBEMHPAMM@Z 10017980 f   physics:dgWorldDynamicUpdate.obj
 0001:00017600       ?CalculateForcesGameModeSimd@dgJacobianMemory@@QBEXHM@Z 10018600 f   physics:dgWorldDynamicUpdate.obj
 0001:000180d0       ?CalculateForcesGameMode@dgJacobianMemory@@QBEXHM@Z 100190d0 f   physics:dgWorldDynamicUpdate.obj
 0001:00019570       ?ThreadExecute@dgParallelSolverBodyInertia@@UAEXXZ 1001a570 f   physics:dgWorldDynamicUpdate.obj
 0001:000195e0       ?ThreadExecute@dgParallelSolverBuildJacobianRows@@UAEXXZ 1001a5e0 f   physics:dgWorldDynamicUpdate.obj
 0001:00019db0       ?ThreadExecute@dgParallelSolverBuildJacobianMatrix@@UAEXXZ 1001adb0 f   physics:dgWorldDynamicUpdate.obj
 0001:0001a3b0       ?GetJacobialDerivativesParallel@dgWorldDynamicUpdate@@AAEHABVdgIsland@@_NHM@Z 1001b3b0 f   physics:dgWorldDynamicUpdate.obj
 0001:0001a4b0       ?BuildJacobianMatrixParallel@dgWorldDynamicUpdate@@AAEXABVdgIsland@@MH@Z 1001b4b0 f   physics:dgWorldDynamicUpdate.obj
 0001:0001a860       ?ThreadExecute@dgParallelSolverClear@@UAEXXZ 1001b860 f   physics:dgWorldDynamicUpdate.obj
 0001:0001aa00       ?ThreadExecute@dgParallelSolverInitInternalForces@@UAEXXZ 1001ba00 f   physics:dgWorldDynamicUpdate.obj
 0001:0001aed0       ?ThreadExecute@dgParallelSolverJointAcceleration@@UAEXXZ 1001bed0 f   physics:dgWorldDynamicUpdate.obj
 0001:0001b050       ?ThreadExecute@dgParallelSolverUpdateVeloc@@UAEXXZ 1001c050 f   physics:dgWorldDynamicUpdate.obj
 0001:0001b350       ?ThreadExecute@dgParallelSolverUpdateForce@@UAEXXZ 1001c350 f   physics:dgWorldDynamicUpdate.obj
 0001:0001ba50       ?ThreadExecute@dgParallelSolverInitFeedbackUpdate@@UAEXXZ 1001ca50 f   physics:dgWorldDynamicUpdate.obj
 0001:0001bb50       ?ThreadExecute@dgParallelSolverCalculateForces@@UAEXXZ 1001cb50 f   physics:dgWorldDynamicUpdate.obj
 0001:0001c510       ?CalculateForcesGameModeParallel@dgJacobianMemory@@QBEXHMH@Z 1001d510 f   physics:dgWorldDynamicUpdate.obj
 0001:0001cde0       ??Y?$dgTemplateVector@M@@QAEAAV0@ABV0@@Z 1001dde0 f i physics:dgWorldDynamicUpdate.obj
 0001:0001ce00       ?CompProduct@?$dgTemplateVector@M@@QBE?AV1@ABV1@@Z 1001de00 f i physics:dgWorldDynamicUpdate.obj
 0001:0001ce30       ??$dgSort@VdgIsland@@@@YAXQAVdgIsland@@HP6AHQBV0@1QAX@Z2@Z 1001de30 f i physics:dgWorldDynamicUpdate.obj
 0001:0001d070       ?AddToBreakQueue@dgWorld@@QAEXQBVdgContact@@QAVdgBody@@M@Z 1001e070 f i physics:dgNarrowPhaseCollision.obj
 0001:0001d100       ?CreateNull@dgWorld@@QAEPAVdgCollision@@XZ 1001e100 f   physics:dgNarrowPhaseCollision.obj
 0001:0001d1b0       ?CreateBox@dgWorld@@QAEPAVdgCollision@@MMMHABVdgMatrix@@@Z 1001e1b0 f   physics:dgNarrowPhaseCollision.obj
 0001:0001d420       ?CreateSphere@dgWorld@@QAEPAVdgCollision@@MHABVdgMatrix@@@Z 1001e420 f   physics:dgNarrowPhaseCollision.obj
 0001:0001d600       ?CreateEllipse@dgWorld@@QAEPAVdgCollision@@MMMHABVdgMatrix@@@Z 1001e600 f   physics:dgNarrowPhaseCollision.obj
 0001:0001d860       ?CreateCapsule@dgWorld@@QAEPAVdgCollision@@MMHABVdgMatrix@@@Z 1001e860 f   physics:dgNarrowPhaseCollision.obj
 0001:0001da90       ?CreateCone@dgWorld@@QAEPAVdgCollision@@MMHABVdgMatrix@@@Z 1001ea90 f   physics:dgNarrowPhaseCollision.obj
 0001:0001dcc0       ?CreateCylinder@dgWorld@@QAEPAVdgCollision@@MMHABVdgMatrix@@@Z 1001ecc0 f   physics:dgNarrowPhaseCollision.obj
 0001:0001def0       ?CreateChamferCylinder@dgWorld@@QAEPAVdgCollision@@MMHABVdgMatrix@@@Z 1001eef0 f   physics:dgNarrowPhaseCollision.obj
 0001:0001e120       ?CreateConvexHull@dgWorld@@QAEPAVdgCollision@@HPBMHMHABVdgMatrix@@@Z 1001f120 f   physics:dgNarrowPhaseCollision.obj
 0001:0001e370       ?CreateCollisionCompoundBreakable@dgWorld@@QAEPAVdgCollision@@HQBQBVdgMeshEffect@@QBHQBM1HM@Z 1001f370 f   physics:dgNarrowPhaseCollision.obj
 0001:0001e3a0       ?CreateBVHFieldCollision@dgWorld@@QAEPAVdgCollision@@HHHQBGQBDMM@Z 1001f3a0 f   physics:dgNarrowPhaseCollision.obj
 0001:0001e400       ?Serialize@dgWorld@@QBEXPAVdgCollision@@P6AXPAXPBXI@ZQAX@Z 1001f400 f   physics:dgNarrowPhaseCollision.obj
 0001:0001e460       ?CreateFromSerialization@dgWorld@@QAEPAVdgCollision@@P6AXPAX0I@ZQAX@Z 1001f460 f   physics:dgNarrowPhaseCollision.obj
 0001:0001e860       ?GetMaterial@dgWorld@@QBEPAVdgContactMaterial@@II@Z 1001f860 f   physics:dgNarrowPhaseCollision.obj
 0001:0001e8b0       ?GetNextMaterial@dgWorld@@QBEPAVdgContactMaterial@@PAV2@@Z 1001f8b0 f   physics:dgNarrowPhaseCollision.obj
 0001:0001e900       ?CreateBodyGroupID@dgWorld@@QAEIXZ 1001f900 f   physics:dgNarrowPhaseCollision.obj
 0001:0001e9e0       ?RemoveFromCache@dgWorld@@QAEXQAVdgCollision@@@Z 1001f9e0 f   physics:dgNarrowPhaseCollision.obj
 0001:0001ea40       ?ReleaseCollision@dgWorld@@QAEXQAVdgCollision@@@Z 1001fa40 f   physics:dgNarrowPhaseCollision.obj
 0001:0001eae0       ?ClosestPoint@dgWorld@@QBEHAAVdgTriplex@@QAVdgCollision@@ABVdgMatrix@@00H@Z 1001fae0 f   physics:dgNarrowPhaseCollision.obj
 0001:0001eb50       ?ClosestPoint@dgWorld@@QBEHQAVdgCollision@@ABVdgMatrix@@01AAVdgTriplex@@22H@Z 1001fb50 f   physics:dgNarrowPhaseCollision.obj
 0001:0001edd0       ?ReduceContacts@dgWorld@@ABEHHQAVdgContactPoint@@HMH@Z 1001fdd0 f   physics:dgNarrowPhaseCollision.obj
 0001:0001ef90       ?PruneContacts@dgWorld@@ABEHHQAVdgContactPoint@@H@Z 1001ff90 f   physics:dgNarrowPhaseCollision.obj
 0001:0001f130       ?ProcessCachedContacts@dgWorld@@ABEXQAVdgContact@@QBVdgContactMaterial@@MH@Z 10020130 f   physics:dgNarrowPhaseCollision.obj
 0001:0001f1e0       ?ProcessTriggers@dgWorld@@AAEXQAUdgPair@dgCollidingPairCollector@@MH@Z 100201e0 f   physics:dgNarrowPhaseCollision.obj
 0001:0001f2c0       ?ProcessContacts@dgWorld@@AAEXQAUdgPair@dgCollidingPairCollector@@MH@Z 100202c0 f   physics:dgNarrowPhaseCollision.obj
 0001:00020660       ?ValidateContactCache@dgWorld@@ABEHQAVdgBody@@0QAVdgContact@@@Z 10021660 f   physics:dgNarrowPhaseCollision.obj
 0001:00020c50       ?CompoundContactsSimd@dgWorld@@ABEXQAUdgPair@dgCollidingPairCollector@@AAVdgCollisionParamProxi@@@Z 10021c50 f   physics:dgNarrowPhaseCollision.obj
 0001:00020cc0       ?CompoundContacts@dgWorld@@ABEXQAUdgPair@dgCollidingPairCollector@@AAVdgCollisionParamProxi@@@Z 10021cc0 f   physics:dgNarrowPhaseCollision.obj
 0001:00020d30       ?ConvexContactsSimd@dgWorld@@ABEXQAUdgPair@dgCollidingPairCollector@@AAVdgCollisionParamProxi@@@Z 10021d30 f   physics:dgNarrowPhaseCollision.obj
 0001:00020e60       ?ConvexContacts@dgWorld@@ABEXQAUdgPair@dgCollidingPairCollector@@AAVdgCollisionParamProxi@@@Z 10021e60 f   physics:dgNarrowPhaseCollision.obj
 0001:00020f90       ?SceneContactsSimd@dgWorld@@ABEXABUdgProxy@dgCollisionScene@@QAUdgPair@dgCollidingPairCollector@@AAVdgCollisionParamProxi@@@Z 10021f90 f   physics:dgNarrowPhaseCollision.obj
 0001:00021050       ?SceneContacts@dgWorld@@ABEXABUdgProxy@dgCollisionScene@@QAUdgPair@dgCollidingPairCollector@@AAVdgCollisionParamProxi@@@Z 10022050 f   physics:dgNarrowPhaseCollision.obj
 0001:00021110       ?SceneContacts@dgWorld@@ABEXQAUdgPair@dgCollidingPairCollector@@AAVdgCollisionParamProxi@@@Z 10022110 f   physics:dgNarrowPhaseCollision.obj
 0001:000211c0       ?SceneContactsSimd@dgWorld@@ABEXQAUdgPair@dgCollidingPairCollector@@AAVdgCollisionParamProxi@@@Z 100221c0 f   physics:dgNarrowPhaseCollision.obj
 0001:00021270       ?CalculateContactsSimd@dgWorld@@AAEXQAUdgPair@dgCollidingPairCollector@@MH@Z 10022270 f   physics:dgNarrowPhaseCollision.obj
 0001:000213d0       ?CalculateContacts@dgWorld@@AAEXQAUdgPair@dgCollidingPairCollector@@MH@Z 100223d0 f   physics:dgNarrowPhaseCollision.obj
 0001:00021550       ?CollideContinueSimd@dgWorld@@QAEHPAVdgCollision@@ABVdgMatrix@@ABVdgVector@@20122AAMPAVdgTriplex@@4PAMHH@Z 10022550 f   physics:dgNarrowPhaseCollision.obj
 0001:00021cd0       ?CollideContinue@dgWorld@@QAEHPAVdgCollision@@ABVdgMatrix@@ABVdgVector@@20122AAMPAVdgTriplex@@4PAMHH@Z 10022cd0 f   physics:dgNarrowPhaseCollision.obj
 0001:00022470       ?Collide@dgWorld@@QAEHPAVdgCollision@@ABVdgMatrix@@01PAVdgTriplex@@2PAMHH@Z 10023470 f   physics:dgNarrowPhaseCollision.obj
 0001:00022930       ?Append@?$dgList@VdgContactMaterial@@@@QAEPAVdgListNode@1@XZ 10023930 f i physics:dgNarrowPhaseCollision.obj
 0001:00022980       ?Insert@?$dgTree@PAVdgCollision@@I@@QAEPAVdgTreeNode@1@ABQAVdgCollision@@I@Z 10023980 f i physics:dgNarrowPhaseCollision.obj
 0001:000229a0       ?Find@?$dgTree@VdgContactMaterial@@I@@QBEPAVdgTreeNode@1@I@Z 100239a0 f i physics:dgNarrowPhaseCollision.obj
 0001:000229d0       ??$dgSort@VdgContactPoint@@@@YAXQAVdgContactPoint@@HP6AHQBV0@1QAX@Z2@Z 100239d0 f i physics:dgNarrowPhaseCollision.obj
 0001:00022b90       ??0dgListNode@?$dgList@VdgContactMaterial@@@@AAE@QAV01@0@Z 10023b90 f i physics:dgNarrowPhaseCollision.obj
 0001:00022c10       ?Insert@?$dgTree@VdgContactMaterial@@I@@QAEPAVdgTreeNode@1@ABVdgContactMaterial@@IAA_N@Z 10023c10 f i physics:dgNarrowPhaseCollision.obj
 0001:00022d00       ??0dgStackBase@@IAE@H@Z    10023d00 f i physics:dgNarrowPhaseCollision.obj
 0001:00022d50       ??0dgMeshEffectBuilder@@QAE@XZ 10023d50 f i physics:dgMeshEffect.obj
 0001:00022e00       ?GetShapeFromCollision@dgMeshEffectBuilder@@SAXPAXHPBMH@Z 10023e00 f i physics:dgMeshEffect.obj
 0001:00022f80       ??_EdgMeshEffect@@UAEPAXI@Z 10023f80 f i  CIL library: CIL module
 0001:00022f80       ??_GdgMeshEffect@@UAEPAXI@Z 10023f80 f i physics:dgMeshEffect.obj
 0001:00022fb0       ??0dgMeshEffect@@QAE@AAVdgPolyhedra@@ABV0@@Z 10023fb0 f   physics:dgMeshEffect.obj
 0001:000230d0       ??0dgMeshEffect@@QAE@ABV0@@Z 100240d0 f   physics:dgMeshEffect.obj
 0001:000231f0       ??0dgMeshEffect@@QAE@QAVdgCollision@@@Z 100241f0 f   physics:dgMeshEffect.obj
 0001:00023550       ??1dgMeshEffect@@UAE@XZ    10024550 f   physics:dgMeshEffect.obj
 0001:000235e0       ?Init@dgMeshEffect@@AAEX_N@Z 100245e0 f   physics:dgMeshEffect.obj
 0001:00023680       ?Triangulate@dgMeshEffect@@QAEXXZ 10024680 f   physics:dgMeshEffect.obj
 0001:00023990       ?ConvertToPolygons@dgMeshEffect@@QAEXXZ 10024990 f   physics:dgMeshEffect.obj
 0001:00023cb0       ?RemoveUnusedVertices@dgMeshEffect@@QAEXQAH@Z 10024cb0 f   physics:dgMeshEffect.obj
 0001:00024110       ?CalculateOOBB@dgMeshEffect@@QBE?AVdgMatrix@@AAVdgVector@@@Z 10025110 f   physics:dgMeshEffect.obj
 0001:000242b0       ?CalculateAABB@dgMeshEffect@@QBEXAAVdgVector@@0@Z 100252b0 f   physics:dgMeshEffect.obj
 0001:000244a0       ?EnumerateAttributeArray@dgMeshEffect@@AAEXPAUdgVertexAtribute@1@@Z 100254a0 f   physics:dgMeshEffect.obj
 0001:00024550       ?ApplyAttributeArray@dgMeshEffect@@AAEXPAUdgVertexAtribute@1@@Z 10025550 f   physics:dgMeshEffect.obj
 0001:000246d0       ?FixCylindricalMapping@dgMeshEffect@@ABEXPAUdgVertexAtribute@1@@Z 100256d0 f   physics:dgMeshEffect.obj
 0001:00024880       ?SphericalMapping@dgMeshEffect@@QAEXH@Z 10025880 f   physics:dgMeshEffect.obj
 0001:00024b20       ?CylindricalMapping@dgMeshEffect@@QAEXHH@Z 10025b20 f   physics:dgMeshEffect.obj
 0001:00025030       ?BoxMapping@dgMeshEffect@@QAEXHHH@Z 10026030 f   physics:dgMeshEffect.obj
 0001:00025400       ?CalculateNormals@dgMeshEffect@@QAEXM@Z 10026400 f   physics:dgMeshEffect.obj
 0001:000257b0       ?AddAtribute@dgMeshEffect@@AAEXABUdgVertexAtribute@1@@Z 100267b0 f   physics:dgMeshEffect.obj
 0001:00025870       ?AddVertex@dgMeshEffect@@AAEXABVdgVector@@@Z 10026870 f   physics:dgMeshEffect.obj
 0001:00025950       ?AddPoint@dgMeshEffect@@AAEXPBMH@Z 10026950 f   physics:dgMeshEffect.obj
 0001:00025a00       ?PackVertexArrays@dgMeshEffect@@QAEXXZ 10026a00 f   physics:dgMeshEffect.obj
 0001:00025b20       ?AddPolygon@dgMeshEffect@@QAEXHPBMHH@Z 10026b20 f   physics:dgMeshEffect.obj
 0001:00025d00       ?EndPolygon@dgMeshEffect@@QAEXXZ 10026d00 f   physics:dgMeshEffect.obj
 0001:00026080       ?BuildFromVertexListIndexList@dgMeshEffect@@QAEXHQBH0QBMH01H01H01H0@Z 10027080 f   physics:dgMeshEffect.obj
 0001:000265c0       ?GetTotalIndexCount@dgMeshEffect@@QBEHXZ 100275c0 f   physics:dgMeshEffect.obj
 0001:00026650       ?GetFaces@dgMeshEffect@@QBEXQAH0QAPAX@Z 10027650 f   physics:dgMeshEffect.obj
 0001:00026760       ?GetFirstVertex@dgMeshEffect@@QAEPAXXZ 10027760 f   physics:dgMeshEffect.obj
 0001:000267c0       ?GetNextVertex@dgMeshEffect@@QAEPAXPBX@Z 100277c0 f   physics:dgMeshEffect.obj
 0001:00026870       ?GetFirstPoint@dgMeshEffect@@QAEPAXXZ 10027870 f   physics:dgMeshEffect.obj
 0001:00026900       ?GetNextPoint@dgMeshEffect@@QAEPAXPBX@Z 10027900 f   physics:dgMeshEffect.obj
 0001:000269a0       ?ConectVertex@dgMeshEffect@@QAEPAVdgEdge@@QAV2@0@Z 100279a0 f   physics:dgMeshEffect.obj
 0001:00026a20       ?GetNextEdge@dgMeshEffect@@QAEPAXPBX@Z 10027a20 f   physics:dgMeshEffect.obj
 0001:00026ac0       ?GetFirstFace@dgMeshEffect@@QAEPAXXZ 10027ac0 f   physics:dgMeshEffect.obj
 0001:00026b10       ?GetNextFace@dgMeshEffect@@QAEPAXPBX@Z 10027b10 f   physics:dgMeshEffect.obj
 0001:00026bb0       ?GetVertexStreams@dgMeshEffect@@QAEXHPAMH0H0H0@Z 10027bb0 f   physics:dgMeshEffect.obj
 0001:00026cb0       ?GetIndirectVertexStreams@dgMeshEffect@@QAEXHPAMPAH1H011H011H011@Z 10027cb0 f   physics:dgMeshEffect.obj
 0001:00027120       ?MaterialGeomteryBegin@dgMeshEffect@@QAEPAUdgIndexArray@1@XZ 10028120 f   physics:dgMeshEffect.obj
 0001:00027390       ?GetMaterialGetIndexStream@dgMeshEffect@@QAEXPAUdgIndexArray@1@HPAH@Z 10028390 f   physics:dgMeshEffect.obj
 0001:000273f0       ?GetMaterialGetIndexStreamShort@dgMeshEffect@@QAEXPAUdgIndexArray@1@HPAF@Z 100283f0 f   physics:dgMeshEffect.obj
 0001:00027460       ?CreateConvexCollision@dgMeshEffect@@QBEPAVdgCollision@@MHABVdgMatrix@@@Z 10028460 f   physics:dgMeshEffect.obj
 0001:000277e0       ?InterpolateEdge@dgMeshEffect@@ABE?AUdgVertexAtribute@1@QAVdgEdge@@M@Z 100287e0 f   physics:dgMeshEffect.obj
 0001:000278b0       ?InsertEdgeVertex@dgMeshEffect@@QAEPAVdgEdge@@QAV2@M@Z 100288b0 f   physics:dgMeshEffect.obj
 0001:000279c0       ?HasOpenEdges@dgMeshEffect@@QBE_NXZ 100289c0 f   physics:dgMeshEffect.obj
 0001:00027a40       ?WeldTJoints@dgMeshEffect@@QAEXXZ 10028a40 f   physics:dgMeshEffect.obj
 0001:00027f70       ??EIterator@?$dgTree@VdgEdge@@_J@@QAEXH@Z 10028f70 f i physics:dgMeshEffect.obj
 0001:00027fb0       ?Scale@?$dgTemplateVector@N@@QBE?AV1@N@Z 10028fb0 f i physics:dgMeshEffect.obj
 0001:00027fe0       ??H?$dgTemplateVector@N@@QBE?AV0@ABV0@@Z 10028fe0 f i physics:dgMeshEffect.obj
 0001:00028010       ??_EdgMeshEffect@@WBM@AEPAXI@Z 10029010 f i physics:dgMeshEffect.obj
 0001:00028020       ??L?$dgTemplateVector@N@@QBENABV0@@Z 10029020 f i physics:dgMeshEffect.obj
 0001:00028040       ??0?$dgTemplateVector@N@@QAE@NNNN@Z 10029040 f i physics:dgMeshEffect.obj
 0001:00028060       ??G?$dgTemplateVector@N@@QBE?AV0@ABV0@@Z 10029060 f i physics:dgMeshEffect.obj
 0001:00028090       ??_EdgRefCounter@@MAEPAXI@Z 10029090 f i  CIL library: CIL module
 0001:00028090       ??_GdgRefCounter@@MAEPAXI@Z 10029090 f i physics:dgMeshEffect.obj
 0001:000280b0       ??0dgMeshEffect@@QAE@QAVdgMemoryAllocator@@QBMHHM@Z 100290b0 f   physics:dgMeshEffect2.obj
 0001:00028470       ??1dgEdgeMap@Tetrahedralization@@QAE@XZ 10029470 f i physics:dgMeshEffect2.obj
 0001:000284d0       ??0Tetrahedralization@@QAE@AAVdgMeshEffect@@@Z 100294d0 f i physics:dgMeshEffect2.obj
 0001:00028560       ??1Tetrahedralization@@UAE@XZ 10029560 f i physics:dgMeshEffect2.obj
 0001:000285e0       ?RecoverEdges@Tetrahedralization@@QAEXXZ 100295e0 f i physics:dgMeshEffect2.obj
 0001:00028b00       ?RemoveDegeneratedTetras@Tetrahedralization@@QAEXXZ 10029b00 f i physics:dgMeshEffect2.obj
 0001:00028db0       ?MatchFace@Tetrahedralization@@QBE_NAAVdgMeshEffect@@QAVdgEdge@@H@Z 10029db0 f i physics:dgMeshEffect2.obj
 0001:00028fb0       ?RecoverFace@Tetrahedralization@@QBEXAAVdgMeshEffect@@QAVdgEdge@@HHAAV?$dgTree@PAVdgEdge@@PAV1@@@@Z 10029fb0 f i physics:dgMeshEffect2.obj
 0001:000293c0       ?CreateIndexMap@Tetrahedralization@@QAEXXZ 1002a3c0 f i physics:dgMeshEffect2.obj
 0001:00029460       ?InsertNewNode@Tetrahedralization@@QAEXHHQAVdgListNode@?$dgList@VdgConvexHull4dTetraherum@@@@@Z 1002a460 f i physics:dgMeshEffect2.obj
 0001:00029510       ?AddEdges@Tetrahedralization@@QAEXQAVdgListNode@?$dgList@VdgConvexHull4dTetraherum@@@@@Z 1002a510 f i physics:dgMeshEffect2.obj
 0001:00029570       ?RemoveNode@Tetrahedralization@@QAEXHHQAVdgListNode@?$dgList@VdgConvexHull4dTetraherum@@@@@Z 1002a570 f i physics:dgMeshEffect2.obj
 0001:000296c0       ?RemoveEdges@Tetrahedralization@@QAEXQAVdgListNode@?$dgList@VdgConvexHull4dTetraherum@@@@@Z 1002a6c0 f i physics:dgMeshEffect2.obj
 0001:00029710       ?AddFace@Tetrahedralization@@UAEPAVdgListNode@?$dgList@VdgConvexHull4dTetraherum@@@@HHHH@Z 1002a710 f i physics:dgMeshEffect2.obj
 0001:00029740       ?DeleteFace@Tetrahedralization@@UAEXQAVdgListNode@?$dgList@VdgConvexHull4dTetraherum@@@@@Z 1002a740 f i physics:dgMeshEffect2.obj
 0001:000297e0       ?RecoverFaces@Tetrahedralization@@QAEXXZ 1002a7e0 f i physics:dgMeshEffect2.obj
 0001:00029c10       ??_GTetrahedralization@@UAEPAXI@Z 1002ac10 f i physics:dgMeshEffect2.obj
 0001:00029c10       ??_ETetrahedralization@@UAEPAXI@Z 1002ac10 f i  CIL library: CIL module
 0001:00029c40       ?CreateConvexApproximationCollision@dgMeshEffect@@QBEPAVdgCollision@@QAVdgWorld@@HHH@Z 1002ac40 f   physics:dgMeshEffect2.obj
 0001:0002a3a0       ?Find@?$dgTree@VdgEdgeSharedTetras@Tetrahedralization@@_K@@QBEPAVdgTreeNode@1@_K@Z 1002b3a0 f i physics:dgMeshEffect2.obj
 0001:0002a3e0       ?Scale4@?$dgTemplateVector@N@@QBE?AV1@N@Z 1002b3e0 f i physics:dgMeshEffect2.obj
 0001:0002a410       ?Add4@?$dgTemplateVector@N@@QBE?AV1@ABV1@@Z 1002b410 f i physics:dgMeshEffect2.obj
 0001:0002a440       ??$dgSort@VdgIndexMapPair@Tetrahedralization@@@@YAXQAVdgIndexMapPair@Tetrahedralization@@HP6AHQBV01@1QAX@Z2@Z 1002b440 f i physics:dgMeshEffect2.obj
 0001:0002a570       ?Insert@?$dgTree@VdgEdgeSharedTetras@Tetrahedralization@@_K@@QAEPAVdgTreeNode@1@ABVdgEdgeSharedTetras@Tetrahedralization@@_KAA_N@Z 1002b570 f i physics:dgMeshEffect2.obj
 0001:0002a670       ?Resize@?$dgArray@VdgIndexMapPair@Tetrahedralization@@@@QBEXH@Z 1002b670 f i physics:dgMeshEffect2.obj
 0001:0002a780       ?Insert@?$dgTree@PAVdgListNode@?$dgList@VdgConvexHull4dTetraherum@@@@PAV12@@@QAEPAVdgTreeNode@1@ABQAVdgListNode@?$dgList@VdgConvexHull4dTetraherum@@@@PAV34@AA_N@Z 1002b780 f i corelib:dgConvexHull4d.obj
 0001:0002a780       ?Insert@?$dgTree@PAVdgEdge@@PAV1@@@QAEPAVdgTreeNode@1@ABQAVdgEdge@@PAV3@AA_N@Z 1002b780 f i physics:dgMeshEffect2.obj
 0001:0002a780       ?Insert@?$dgTree@PAVdgListNode@?$dgList@V?$dgGraphNode@VdgDebriNodeInfo@dgCollisionCompoundBreakable@@VdgSharedNodeMesh@2@@@@@PAV12@@@QAEPAVdgTreeNode@1@ABQAVdgListNode@?$dgList@V?$dgGraphNode@VdgDebriNodeInfo@dgCollisionCompoundBreakable@@VdgSharedNodeMesh@2@@@@@PAV34@AA_N@Z 1002b780 f i physics:dgCollisionCompoundBreakable.obj
 0001:0002a780       ?Insert@?$dgTree@PBVdgNodeBase@dgCollisionCompound@@PBV12@@@QAEPAVdgTreeNode@1@ABQBVdgNodeBase@dgCollisionCompound@@PBV34@AA_N@Z 1002b780 f i physics:dgCollisionCompound.obj
 0001:0002a850       ?Resize@?$dgArray@VdgHullVector@@@@QBEXH@Z 1002b850 f i physics:dgMeshEffect2.obj
 0001:0002a990       ?Resize@?$dgArray@VdgVector@@@@QBEXH@Z 1002b990 f i physics:dgMeshEffect2.obj
 0001:0002aae0       ??_EdgCollisionConvexIntance@dgCollisionCompoundBreakable@@UAEPAXI@Z 1002bae0 f i  CIL library: CIL module
 0001:0002aae0       ??_GdgCollisionConvexIntance@dgCollisionCompoundBreakable@@UAEPAXI@Z 1002bae0 f i physics:dgCollisionCompoundBreakable.obj
 0001:0002ab10       ??0dgCollisionConvexIntance@dgCollisionCompoundBreakable@@QAE@ABV01@PAVdgListNode@?$dgList@V?$dgGraphNode@VdgDebriNodeInfo@dgCollisionCompoundBreakable@@VdgSharedNodeMesh@2@@@@@@Z 1002bb10 f   physics:dgCollisionCompoundBreakable.obj
 0001:0002abc0       ??0dgCollisionConvexIntance@dgCollisionCompoundBreakable@@QAE@QAVdgWorld@@P6AXPAX1I@ZQAX@Z 1002bbc0 f   physics:dgCollisionCompoundBreakable.obj
 0001:0002ac60       ??1dgCollisionConvexIntance@dgCollisionCompoundBreakable@@UAE@XZ 1002bc60 f   physics:dgCollisionCompoundBreakable.obj
 0001:0002acb0       ?GetVolume@dgCollisionConvexIntance@dgCollisionCompoundBreakable@@MBEMXZ 1002bcb0 f   physics:dgCollisionCompoundBreakable.obj
 0001:0002acc0       ?OOBBTest@dgCollisionConvexIntance@dgCollisionCompoundBreakable@@MBE_NABVdgMatrix@@QBVdgConvexCollision@@QAX@Z 1002bcc0 f   physics:dgCollisionCompoundBreakable.obj
 0001:0002acd0       ?SupportVertex@dgCollisionConvexIntance@dgCollisionCompoundBreakable@@MBE?AVdgVector@@ABV3@@Z 1002bcd0 f   physics:dgCollisionCompoundBreakable.obj
 0001:0002acf0       ?SupportVertexSimd@dgCollisionConvexIntance@dgCollisionCompoundBreakable@@MBE?AVdgVector@@ABV3@@Z 1002bcf0 f   physics:dgCollisionCompoundBreakable.obj
 0001:0002ad10       ?CalcAABB@dgCollisionConvexIntance@dgCollisionCompoundBreakable@@MBEXABVdgMatrix@@AAVdgVector@@1@Z 1002bd10 f   physics:dgCollisionCompoundBreakable.obj
 0001:0002ad20       ?CalcAABBSimd@dgCollisionConvexIntance@dgCollisionCompoundBreakable@@MBEXABVdgMatrix@@AAVdgVector@@1@Z 1002bd20 f   physics:dgCollisionCompoundBreakable.obj
 0001:0002ad30       ?DebugCollision@dgCollisionConvexIntance@dgCollisionCompoundBreakable@@MBEXABVdgMatrix@@P6AXPAXHPBMH@ZQAX@Z 1002bd30 f   physics:dgCollisionCompoundBreakable.obj
 0001:0002ad40       ?RayCast@dgCollisionConvexIntance@dgCollisionCompoundBreakable@@MBEMABVdgVector@@0AAVdgContactPoint@@P6AIQBVdgBody@@QBVdgCollision@@QAX@Z24@Z 1002bd40 f   physics:dgCollisionCompoundBreakable.obj
 0001:0002ad50       ?RayCastSimd@dgCollisionConvexIntance@dgCollisionCompoundBreakable@@MBEMABVdgVector@@0AAVdgContactPoint@@P6AIQBVdgBody@@QBVdgCollision@@QAX@Z24@Z 1002bd50 f   physics:dgCollisionCompoundBreakable.obj
 0001:0002ad60       ?CalculateVolumeIntegral@dgCollisionConvexIntance@dgCollisionCompoundBreakable@@MBE?AVdgVector@@ABVdgMatrix@@P6AIPAX10AAVdgPlane@@@ZQAX@Z 1002bd60 f   physics:dgCollisionCompoundBreakable.obj
 0001:0002ad90       ?SetCollisionBBox@dgCollisionConvexIntance@dgCollisionCompoundBreakable@@EAEXABVdgVector@@0@Z 1002bd90 f   physics:dgCollisionCompoundBreakable.obj
 0001:0002ada0       ?GetBoxMinRadius@dgCollisionConvexIntance@dgCollisionCompoundBreakable@@EBEMXZ 1002bda0 f   physics:dgCollisionCompoundBreakable.obj
 0001:0002adb0       ?GetBoxMaxRadius@dgCollisionConvexIntance@dgCollisionCompoundBreakable@@EBEMXZ 1002bdb0 f   physics:dgCollisionCompoundBreakable.obj
 0001:0002adc0       ?CalculatePlaneIntersection@dgCollisionConvexIntance@dgCollisionCompoundBreakable@@EBEHABVdgVector@@0QAV3@@Z 1002bdc0 f   physics:dgCollisionCompoundBreakable.obj
 0001:0002add0       ?CalculatePlaneIntersectionSimd@dgCollisionConvexIntance@dgCollisionCompoundBreakable@@EBEHABVdgVector@@0QAV3@@Z 1002bdd0 f   physics:dgCollisionCompoundBreakable.obj
 0001:0002ade0       ?GetCollisionInfo@dgCollisionConvexIntance@dgCollisionCompoundBreakable@@EBEXPAVdgCollisionInfo@@@Z 1002bde0 f   physics:dgCollisionCompoundBreakable.obj
 0001:0002adf0       ?Serialize@dgCollisionConvexIntance@dgCollisionCompoundBreakable@@EBEXP6AXPAXPBXI@ZQAX@Z 1002bdf0 f   physics:dgCollisionCompoundBreakable.obj
 0001:0002ae40       ?SetBreakImpulse@dgCollisionConvexIntance@dgCollisionCompoundBreakable@@EAEXM@Z 1002be40 f   physics:dgCollisionCompoundBreakable.obj
 0001:0002ae50       ?GetBreakImpulse@dgCollisionConvexIntance@dgCollisionCompoundBreakable@@EBEMXZ 1002be50 f   physics:dgCollisionCompoundBreakable.obj
 0001:0002ae60       ??_GdgVertexBuffer@dgCollisionCompoundBreakable@@UAEPAXI@Z 1002be60 f i physics:dgCollisionCompoundBreakable.obj
 0001:0002ae60       ??_EdgVertexBuffer@dgCollisionCompoundBreakable@@UAEPAXI@Z 1002be60 f i  CIL library: CIL module
 0001:0002aeb0       ??0dgVertexBuffer@dgCollisionCompoundBreakable@@QAE@QAVdgMemoryAllocator@@P6AXPAX1I@ZQAX@Z 1002beb0 f   physics:dgCollisionCompoundBreakable.obj
 0001:0002af60       ?Serialize@dgVertexBuffer@dgCollisionCompoundBreakable@@QBEXP6AXPAXPBXI@ZQAX@Z 1002bf60 f   physics:dgCollisionCompoundBreakable.obj
 0001:0002afb0       ?GetVertexStreams@dgVertexBuffer@dgCollisionCompoundBreakable@@QBEXHPAMH0H0@Z 1002bfb0 f   physics:dgCollisionCompoundBreakable.obj
 0001:0002b080       ??_EdgMesh@dgCollisionCompoundBreakable@@UAEPAXI@Z 1002c080 f i  CIL library: CIL module
 0001:0002b080       ??_GdgMesh@dgCollisionCompoundBreakable@@UAEPAXI@Z 1002c080 f i physics:dgCollisionCompoundBreakable.obj
 0001:0002b0b0       ??0dgMesh@dgCollisionCompoundBreakable@@QAE@QAVdgMemoryAllocator@@P6AXPAX1I@ZQAX@Z 1002c0b0 f   physics:dgCollisionCompoundBreakable.obj
 0001:0002b170       ?Serialize@dgMesh@dgCollisionCompoundBreakable@@QBEXP6AXPAXPBXI@ZQAX@Z 1002c170 f   physics:dgCollisionCompoundBreakable.obj
 0001:0002b1f0       ?AddgSubMesh@dgMesh@dgCollisionCompoundBreakable@@QAEPAVdgSubMesh@2@HH@Z 1002c1f0 f   physics:dgCollisionCompoundBreakable.obj
 0001:0002b270       ??0dgDebriGraph@dgCollisionCompoundBreakable@@QAE@QAVdgMemoryAllocator@@P6AXPAX1I@ZQAX@Z 1002c270 f   physics:dgCollisionCompoundBreakable.obj
 0001:0002b4f0       ??0dgDebriGraph@dgCollisionCompoundBreakable@@QAE@ABV01@@Z 1002c4f0 f   physics:dgCollisionCompoundBreakable.obj
 0001:0002b700       ?Serialize@dgDebriGraph@dgCollisionCompoundBreakable@@QBEXP6AXPAXPBXI@ZQAX@Z 1002c700 f   physics:dgCollisionCompoundBreakable.obj
 0001:0002b940       ??0dgCollisionCompoundBreakable@@QAE@HQBQBVdgMeshEffect@@QBHQBM1HMPAVdgWorld@@@Z 1002c940 f   physics:dgCollisionCompoundBreakable.obj
 0001:0002c400       ??_GdgCollisionCompoundBreakable@@UAEPAXI@Z 1002d400 f i physics:dgCollisionCompoundBreakable.obj
 0001:0002c400       ??_EdgCollisionCompoundBreakable@@UAEPAXI@Z 1002d400 f i  CIL library: CIL module
 0001:0002c430       ??0dgCollisionCompoundBreakable@@QAE@ABV0@@Z 1002d430 f   physics:dgCollisionCompoundBreakable.obj
 0001:0002c6c0       ??0dgCollisionCompoundBreakable@@QAE@QAVdgWorld@@P6AXPAX1I@ZQAX@Z 1002d6c0 f   physics:dgCollisionCompoundBreakable.obj
 0001:0002c810       ??1dgCollisionCompoundBreakable@@UAE@XZ 1002d810 f   physics:dgCollisionCompoundBreakable.obj
 0001:0002c880       ?LinkNodes@dgCollisionCompoundBreakable@@AAEXXZ 1002d880 f   physics:dgCollisionCompoundBreakable.obj
 0001:0002c8d0       ?Serialize@dgCollisionCompoundBreakable@@EBEXP6AXPAXPBXI@ZQAX@Z 1002d8d0 f   physics:dgCollisionCompoundBreakable.obj
 0001:0002c960       ?GetCollisionInfo@dgCollisionCompoundBreakable@@EBEXPAVdgCollisionInfo@@@Z 1002d960 f   physics:dgCollisionCompoundBreakable.obj
 0001:0002c9b0       ?GetSegmentIndexStreamShort@dgCollisionCompoundBreakable@@QBEHQAVdgListNode@?$dgList@V?$dgGraphNode@VdgDebriNodeInfo@dgCollisionCompoundBreakable@@VdgSharedNodeMesh@2@@@@@PAV2?$dgList@VdgSubMesh@dgCollisionCompoundBreakable@@@@QAF@Z 1002d9b0 f   physics:dgCollisionCompoundBreakable.obj
 0001:0002ca60       ?GetSegmentIndexStream@dgCollisionCompoundBreakable@@QBEHQAVdgListNode@?$dgList@V?$dgGraphNode@VdgDebriNodeInfo@dgCollisionCompoundBreakable@@VdgSharedNodeMesh@2@@@@@PAV2?$dgList@VdgSubMesh@dgCollisionCompoundBreakable@@@@QAH@Z 1002da60 f   physics:dgCollisionCompoundBreakable.obj
 0001:0002cb00       ?GetSegmentsInRadius@dgCollisionCompoundBreakable@@QAEHABVdgVector@@MPAPAVdgListNode@?$dgList@V?$dgGraphNode@VdgDebriNodeInfo@dgCollisionCompoundBreakable@@VdgSharedNodeMesh@2@@@@@H@Z 1002db00 f   physics:dgCollisionCompoundBreakable.obj
 0001:0002cca0       ?EnumerateIslands@dgCollisionCompoundBreakable@@QAEXXZ 1002dca0 f   physics:dgCollisionCompoundBreakable.obj
 0001:0002cd80       ?ResetAnchor@dgCollisionCompoundBreakable@@QAEXXZ 1002dd80 f   physics:dgCollisionCompoundBreakable.obj
 0001:0002cdc0       ?SetAnchoredParts@dgCollisionCompoundBreakable@@QAEXHQBVdgMatrix@@PAPBVdgCollision@@@Z 1002ddc0 f   physics:dgCollisionCompoundBreakable.obj
 0001:0002cf20       ?DeleteComponent@dgCollisionCompoundBreakable@@QAEXPAVdgListNode@?$dgList@V?$dgGraphNode@VdgDebriNodeInfo@dgCollisionCompoundBreakable@@VdgSharedNodeMesh@2@@@@@@Z 1002df20 f   physics:dgCollisionCompoundBreakable.obj
 0001:0002d0b0       ?DeleteComponentEnd@dgCollisionCompoundBreakable@@QAEXXZ 1002e0b0 f   physics:dgCollisionCompoundBreakable.obj
 0001:0002d3b0       ?Append@?$dgList@VdgSubMesh@dgCollisionCompoundBreakable@@@@QAEPAVdgListNode@1@ABVdgSubMesh@dgCollisionCompoundBreakable@@@Z 1002e3b0 f i physics:dgCollisionCompoundBreakable.obj
 0001:0002d430       ?DeleteNode@?$dgGraph@VdgDebriNodeInfo@dgCollisionCompoundBreakable@@VdgSharedNodeMesh@2@@@QAEXQAVdgListNode@?$dgList@V?$dgGraphNode@VdgDebriNodeInfo@dgCollisionCompoundBreakable@@VdgSharedNodeMesh@2@@@@@@Z 1002e430 f i physics:dgCollisionCompoundBreakable.obj
 0001:0002d4c0       ?DeleteEdge@?$dgGraphNode@VdgDebriNodeInfo@dgCollisionCompoundBreakable@@VdgSharedNodeMesh@2@@@QAEXQAVdgListNode@?$dgList@V?$dgGraphEdge@VdgDebriNodeInfo@dgCollisionCompoundBreakable@@VdgSharedNodeMesh@2@@@@@@Z 1002e4c0 f i physics:dgCollisionCompoundBreakable.obj
 0001:0002d570       ??0dgListNode@?$dgList@VdgSubMesh@dgCollisionCompoundBreakable@@@@AAE@ABVdgSubMesh@dgCollisionCompoundBreakable@@QAV01@1@Z 1002e570 f i physics:dgCollisionCompoundBreakable.obj
 0001:0002d5c0       ?Resize@?$dgArray@VdgFlatVertex@dgCollisionCompoundBreakable@@@@QBEXH@Z 1002e5c0 f i physics:dgCollisionCompoundBreakable.obj
 0001:0002d6e0       ?RemoveAll@?$dgList@VdgSubMesh@dgCollisionCompoundBreakable@@@@QAEXXZ 1002e6e0 f i physics:dgCollisionCompoundBreakable.obj
 0001:0002d750       ?Append@?$dgList@V?$dgGraphNode@VdgDebriNodeInfo@dgCollisionCompoundBreakable@@VdgSharedNodeMesh@2@@@@@QAEPAVdgListNode@1@XZ 1002e750 f i physics:dgCollisionCompoundBreakable.obj
 0001:0002d7f0       ?Remove@?$dgList@V?$dgGraphNode@VdgDebriNodeInfo@dgCollisionCompoundBreakable@@VdgSharedNodeMesh@2@@@@@QAEXQAVdgListNode@1@@Z 1002e7f0 f i physics:dgCollisionCompoundBreakable.obj
 0001:0002d870       ?Append@?$dgList@V?$dgGraphEdge@VdgDebriNodeInfo@dgCollisionCompoundBreakable@@VdgSharedNodeMesh@2@@@@@QAEPAVdgListNode@1@XZ 1002e870 f i physics:dgCollisionCompoundBreakable.obj
 0001:0002d8e0       ?Insert@?$dgTree@PAVdgCollision@@I@@QAEPAVdgTreeNode@1@ABQAVdgCollision@@IAA_N@Z 1002e8e0 f i physics:dgNarrowPhaseCollision.obj
 0001:0002d8e0       ?Insert@?$dgTree@HPAVdgListNode@?$dgList@V?$dgGraphNode@VdgDebriNodeInfo@dgCollisionCompoundBreakable@@VdgSharedNodeMesh@2@@@@@@@QAEPAVdgTreeNode@1@ABHPAVdgListNode@?$dgList@V?$dgGraphNode@VdgDebriNodeInfo@dgCollisionCompoundBreakable@@VdgSharedNodeMesh@2@@@@@AA_N@Z 1002e8e0 f i physics:dgCollisionCompoundBreakable.obj
 0001:0002d9b0       ?Insert@?$dgTree@VdgCompoundBreakableFilterData@dgCollisionCompoundBreakable@@PAVdgConvexCollision@@@@QAEPAVdgTreeNode@1@ABVdgCompoundBreakableFilterData@dgCollisionCompoundBreakable@@PAVdgConvexCollision@@AA_N@Z 1002e9b0 f i physics:dgCollisionCompoundBreakable.obj
 0001:0002da90       ?RemoveAll@?$dgList@V?$dgGraphNode@VdgDebriNodeInfo@dgCollisionCompoundBreakable@@VdgSharedNodeMesh@2@@@@@QAEXXZ 1002ea90 f i physics:dgCollisionCompoundBreakable.obj
 0001:0002db10       ??0dgCollisionConvexHull@@QAE@QAVdgMemoryAllocator@@IHHMPBMABVdgMatrix@@@Z 1002eb10 f   physics:dgCollisionConvexHull.obj
 0001:0002de30       ??_GdgCollisionConvexHull@@UAEPAXI@Z 1002ee30 f i physics:dgCollisionConvexHull.obj
 0001:0002de30       ??_EdgCollisionConvexHull@@UAEPAXI@Z 1002ee30 f i  CIL library: CIL module
 0001:0002de60       ??0dgCollisionConvexHull@@QAE@QAVdgWorld@@P6AXPAX1I@ZQAX@Z 1002ee60 f   physics:dgCollisionConvexHull.obj
 0001:0002e000       ??1dgCollisionConvexHull@@UAE@XZ 1002f000 f   physics:dgCollisionConvexHull.obj
 0001:0002e050       ?FaceNormal@dgCollisionConvexHull@@ABE?AVdgBigVector@@PBVdgEdge@@QBVdgVector@@@Z 1002f050 f   physics:dgCollisionConvexHull.obj
 0001:0002e1c0       ?RemoveCoplanarEdge@dgCollisionConvexHull@@ABE_NAAVdgPolyhedra@@QAVdgVector@@@Z 1002f1c0 f   physics:dgCollisionConvexHull.obj
 0001:0002e6a0       ?CheckConvex@dgCollisionConvexHull@@ABE_NAAVdgPolyhedra@@PBVdgVector@@@Z 1002f6a0 f   physics:dgCollisionConvexHull.obj
 0001:0002ea30       ?Create@dgCollisionConvexHull@@AAE_NHHQBMM@Z 1002fa30 f   physics:dgCollisionConvexHull.obj
 0001:0002f070       ?CalculateSignature@dgCollisionNull@@EBEHXZ 10030070 f   physics:dgCollisionNull.obj
 0001:0002f070       ?CalculateSignature@dgCollisionConvexHull@@EBEHXZ 10030070 f   physics:dgCollisionConvexHull.obj
 0001:0002f080       ?SetBreakImpulse@dgCollisionConvexHull@@EAEXM@Z 10030080 f   physics:dgCollisionConvexHull.obj
 0001:0002f090       ?GetBreakImpulse@dgCollisionConvexHull@@EBEMXZ 10030090 f   physics:dgCollisionConvexHull.obj
 0001:0002f0a0       ?DebugCollision@dgCollisionConvexHull@@EBEXABVdgMatrix@@P6AXPAXHPBMH@ZQAX@Z 100300a0 f   physics:dgCollisionConvexHull.obj
 0001:0002f1a0       ?GetCollisionInfo@dgCollisionConvexHull@@EBEXPAVdgCollisionInfo@@@Z 100301a0 f   physics:dgCollisionConvexHull.obj
 0001:0002f210       ?Serialize@dgCollisionConvexHull@@EBEXP6AXPAXPBXI@ZQAX@Z 10030210 f   physics:dgCollisionConvexHull.obj
 0001:0002f350       ?OOBBTest@dgCollisionConvexHull@@EBE_NABVdgMatrix@@QBVdgConvexCollision@@QAX@Z 10030350 f   physics:dgCollisionConvexHull.obj
 0001:0002f820       ??Y?$dgTemplateVector@N@@QAEAAV0@ABV0@@Z 10030820 f i physics:dgCollisionConvexHull.obj
 0001:0002f840       ??D?$dgTemplateVector@N@@QBE?AV0@ABV0@@Z 10030840 f i physics:dgCollisionConvexHull.obj
 0001:0002f880       ??0dgCollisionConvexPolygon@dgCollisionMesh@@QAE@QAVdgMemoryAllocator@@@Z 10030880 f   physics:dgCollisionMesh.obj
 0001:0002f920       ??_EdgCollisionConvexPolygon@dgCollisionMesh@@UAEPAXI@Z 10030920 f i  CIL library: CIL module
 0001:0002f920       ??_GdgCollisionConvexPolygon@dgCollisionMesh@@UAEPAXI@Z 10030920 f i physics:dgCollisionMesh.obj
 0001:0002f920       ??_GdgCollisionNull@@UAEPAXI@Z 10030920 f i physics:dgCollisionNull.obj
 0001:0002f920       ??_GdgConvexCollision@@MAEPAXI@Z 10030920 f i physics:dgConvexCollision.obj
 0001:0002f920       ??_EdgConvexCollision@@MAEPAXI@Z 10030920 f i  CIL library: CIL module
 0001:0002f920       ??_EdgCollisionNull@@UAEPAXI@Z 10030920 f i  CIL library: CIL module
 0001:0002f970       ?CalculateSignature@dgCollisionConvexPolygon@dgCollisionMesh@@UBEHXZ 10030970 f   physics:dgCollisionMesh.obj
 0001:0002f980       ?GetBoxMinRadius@dgCollisionScene@@EBEMXZ 10030980 f   physics:dgCollisionScene.obj
 0001:0002f980       ?GetVolume@dgCollisionConvexPolygon@dgCollisionMesh@@UBEMXZ 10030980 f   physics:dgCollisionMesh.obj
 0001:0002f980       ?GetBoxMinRadius@dgCollisionMesh@@UBEMXZ 10030980 f   physics:dgCollisionMesh.obj
[...]
 0003:00000538       ___clocalestr              100ab538     LIBCMT:nlsdata2.obj
 0003:00000540       ___initiallocinfo          100ab540     LIBCMT:nlsdata2.obj
 0003:00000618       ___ptlocinfo               100ab618     LIBCMT:nlsdata2.obj
 0003:0000061c       ___lc_clike                100ab61c     LIBCMT:nlsdata2.obj
 0003:00000620       ___initiallocalestructinfo 100ab620     LIBCMT:nlsdata2.obj
 0003:00000628       ___initialmbcinfo          100ab628     LIBCMT:mbctype.obj
 0003:00000848       __mbctype                  100ab848     LIBCMT:mbctype.obj
 0003:00000950       __mbcasemap                100ab950     LIBCMT:mbctype.obj
 0003:00000a50       ___ptmbcinfo               100aba50     LIBCMT:mbctype.obj
 0003:00000b50       __iob                      100abb50     LIBCMT:_file.obj
 0003:00000dd0       ___globallocalestatus      100abdd0     LIBCMT:glstatus.obj
 0003:00000de0       __NLG_Destination          100abde0     LIBCMT:exsup.obj
 0003:00000df0       __pctype                   100abdf0     LIBCMT:ctype.obj
 0003:00000df4       __pwctype                  100abdf4     LIBCMT:ctype.obj
 0003:00000df8       ___lc_time_c               100abdf8     LIBCMT:strftime.obj
 0003:00000eb0       ___lc_time_curr            100abeb0     LIBCMT:strftime.obj
 0003:00000eb4       ___lconv_static_decimal    100abeb4     LIBCMT:lconv.obj
 0003:00000eb8       ___lconv_c                 100abeb8     LIBCMT:lconv.obj
 0003:00000ee8       ___lconv                   100abee8     LIBCMT:lconv.obj
 0003:00000eec       ___mb_cur_max              100abeec     LIBCMT:nlsdata1.obj
 0003:00000ef0       ___decimal_point           100abef0     LIBCMT:nlsdata1.obj
 0003:00000ef4       ___decimal_point_length    100abef4     LIBCMT:nlsdata1.obj
 0003:00000f10       __timezone                 100abf10     LIBCMT:timeset.obj
 0003:00000f14       __daylight                 100abf14     LIBCMT:timeset.obj
 0003:00000f18       __dstbias                  100abf18     LIBCMT:timeset.obj
 0003:00000fa0       __tzname                   100abfa0     LIBCMT:timeset.obj
 0003:00000fc0       __coninpfh                 100abfc0     LIBCMT:initcon.obj
 0003:00000fc4       __confh                    100abfc4     LIBCMT:initcon.obj
 0003:00000ff8       __lpdays                   100abff8     LIBCMT:days.obj
 0003:0000102c       __days                     100ac02c     LIBCMT:days.obj
 0003:00001060       __pow10pos                 100ac060     LIBCMT:_constpow_.obj
 0003:000011c0       __pow10neg                 100ac1c0     LIBCMT:_constpow_.obj
 0003:00001320       ?mult@dgPolyhedraMassProperties@@0PAMA 100ac320     corelib:dgPolyhedraMassProperties.obj
 0003:00001760       ?m_faceIndex@dgContactSolver@@2PAY03HA 100ac760     physics:dgMinkowskiConv.obj
 0003:000017a0       ?m_edgeArray@dgCollisionBox@@1PAVdgConvexSimplexEdge@@A 100ac7a0     physics:dgCollisionBox.obj
 0003:00001920       ?m_rayCastSimplex@dgConvexCollision@@1PAY03HA 100ac920     physics:dgConvexCollision.obj
 0003:00001960       ?m_hullDirs@dgConvexCollision@@1PAVdgTriplex@@A 100ac960     physics:dgConvexCollision.obj
 0003:00001a10       ?m_negOne@dgConvexCollision@@1VdgVector@@A 100aca10     physics:dgConvexCollision.obj
 0003:00001a20       ?m_nrh0p5@dgConvexCollision@@1VdgVector@@A 100aca20     physics:dgConvexCollision.obj
 0003:00001a30       ?m_nrh3p0@dgConvexCollision@@1VdgVector@@A 100aca30     physics:dgConvexCollision.obj
 0003:00001a40       ?m_indexStep@dgConvexCollision@@1VdgVector@@A 100aca40     physics:dgConvexCollision.obj
 0003:00001a50       ?m_index_0123@dgConvexCollision@@1VdgVector@@A 100aca50     physics:dgConvexCollision.obj
 0003:00001a60       ?m_index_4567@dgConvexCollision@@1VdgVector@@A 100aca60     physics:dgConvexCollision.obj
 0003:00001a70       ?m_huge@dgConvexCollision@@1VdgVector@@A 100aca70     physics:dgConvexCollision.obj
 0003:00001a80       ?m_negativeTiny@dgConvexCollision@@1VdgVector@@A 100aca80     physics:dgConvexCollision.obj
 0003:00001a90       ?m_aabb_padd@dgConvexCollision@@1VdgVector@@A 100aca90     physics:dgConvexCollision.obj
 0003:00001ab0       __half                     100acab0     LIBCMT:_pow_.obj
 0003:00001ad0       __infinity                 100acad0     LIBCMT:_87tran_.obj
 0003:00001ada       __minfinity                100acada     LIBCMT:_87tran_.obj
 0003:00001ae4       __logemax                  100acae4     LIBCMT:_87tran_.obj
 0003:00001b0a       __OP_EXPjmptab             100acb0a     LIBCMT:_87tran_.obj
 0003:00001b30       __indefinite               100acb30     LIBCMT:_87disp_.obj
 0003:00001b3a       __piby2                    100acb3a     LIBCMT:_87disp_.obj
 0003:00001cc4       __aenvptr                  100accc4     LIBCMT:dllcrt0.obj
 0003:00001cc8       __wenvptr                  100accc8     LIBCMT:dllcrt0.obj
 0003:00001ccc       ___error_mode              100acccc     LIBCMT:dllcrt0.obj
 0003:00001cd0       ___app_type                100accd0     LIBCMT:dllcrt0.obj
 0003:00001cd8       __crtheap                  100accd8     LIBCMT:heapinit.obj
 0003:00001e30       ___sbh_pHeaderDefer        100ace30     LIBCMT:sbheap.obj
 0003:00001e34       __umaskval                 100ace34     LIBCMT:crt0dat.obj
 0003:00001e38       ___argc                    100ace38     LIBCMT:crt0dat.obj
 0003:00001e3c       ___argv                    100ace3c     LIBCMT:crt0dat.obj
 0003:00001e40       ___wargv                   100ace40     LIBCMT:crt0dat.obj
 0003:00001e44       __environ                  100ace44     LIBCMT:crt0dat.obj
 0003:00001e48       ___initenv                 100ace48     LIBCMT:crt0dat.obj
 0003:00001e4c       __wenviron                 100ace4c     LIBCMT:crt0dat.obj
 0003:00001e50       ___winitenv                100ace50     LIBCMT:crt0dat.obj
 0003:00001e54       __pgmptr                   100ace54     LIBCMT:crt0dat.obj
 0003:00001e58       __wpgmptr                  100ace58     LIBCMT:crt0dat.obj
 0003:00001e5c       __exitflag                 100ace5c     LIBCMT:crt0dat.obj
 0003:00001e60       __C_Termination_Done       100ace60     LIBCMT:crt0dat.obj
 0003:00001e64       __C_Exit_Done              100ace64     LIBCMT:crt0dat.obj
 0003:0000217c       ?_pnhHeap@@3P6AHI@ZA       100ad17c     LIBCMT:handler.obj
 0003:00002180       __newmode                  100ad180     LIBCMT:_newmode.obj
 0003:00002184       _gpFlsAlloc                100ad184     LIBCMT:tidtable.obj
 0003:00002188       _gpFlsGetValue             100ad188     LIBCMT:tidtable.obj
 0003:0000218c       _gpFlsSetValue             100ad18c     LIBCMT:tidtable.obj
 0003:00002190       _gpFlsFree                 100ad190     LIBCMT:tidtable.obj
 0003:00002194       __maxwait                  100ad194     LIBCMT:crtheap.obj
 0003:000022a4       ___pInvalidArgHandler      100ad2a4     LIBCMT:invarg.obj
 0003:000022c4       ___pPurecall               100ad2c4     LIBCMT:inithelp.obj
 0003:000022c8       ___fastflag                100ad2c8     LIBCMT:_fpinit_.obj
 0003:000022cc       __adjust_fdiv              100ad2cc     LIBCMT:_fpinit_.obj
 0003:000022d4       ?__pInconsistency@@3P6AXXZA 100ad2d4     LIBCMT:hooks.obj
 0003:000022f0       ___locale_changed          100ad2f0     LIBCMT:setlocal.obj
 0003:000022f4       ___lc_handle               100ad2f4     LIBCMT:nlsdata2.obj
 0003:0000230c       ___lc_codepage             100ad30c     LIBCMT:nlsdata2.obj
 0003:00002310       ___lc_collate_cp           100ad310     LIBCMT:nlsdata2.obj
 0003:00002318       ___mbulinfo                100ad318     LIBCMT:mbctype.obj
 0003:00002324       ___mbcodepage              100ad324     LIBCMT:mbctype.obj
 0003:00002328       ___ismbcodepage            100ad328     LIBCMT:mbctype.obj
 0003:0000232c       ___mblcid                  100ad32c     LIBCMT:mbctype.obj
 0003:00002330       __cflush                   100ad330     LIBCMT:_file.obj
 0003:0000265c       ___lconv_static_null       100ad65c     LIBCMT:lconv.obj
 0003:00002668       __stdbuf                   100ad668     LIBCMT:_sftbuf.obj
 0003:00002670       __outputformat             100ad670     LIBCMT:outputformat.obj
 0003:00002734       ___@@_PchSym_@00@UmvdglmPCAAUDworyUgllohUmvdglmUkilqvxgPehCAAIUdrmDCUmvdglmUivovzhvPCAAJPwooUmvdglmxozhhOlyq@ 100ad734     NewtonClass.obj
 0003:00002738       ___@@_PchSym_@00@UmvdglmPCAAUDworyUgllohUmvdglmUkilqvxgPehCAAIUdrmDCUksbhrxhUivovzhvPCAAJPwooUwtdliowOlyq@ 100ad738     physics:dgWorld.obj
 0003:0000273c       ___@@_PchSym_@00@UmvdglmPCAAUDworyUgllohUmvdglmUkilqvxgPehCAAIUdrmDCUxlivoryUivovzhvPCAAJPwooUwtgbkvhOlyq@ 100ad73c     corelib:dgTypes.obj
 0003:00002740       ?m_edgeArray@dgCollisionSphere@@1PAVdgConvexSimplexEdge@@A 100ad740     physics:dgCollisionSphere.obj
 0003:00002d40       ?m_edgeArray@dgCollisionCapsule@@0PAVdgConvexSimplexEdge@@A 100add40     physics:dgCollisionCapsule.obj
 0003:00003880       ?m_edgeArray@dgCollisionCone@@0PAVdgConvexSimplexEdge@@A 100ae880     physics:dgCollisionCone.obj
 0003:00003a80       ?m_edgeArray@dgCollisionCylinder@@0PAVdgConvexSimplexEdge@@A 100aea80     physics:dgCollisionCylinder.obj
 0003:00003d80       ?m_edgeArray@dgCollisionChamferCylinder@@0PAVdgConvexSimplexEdge@@A 100aed80     physics:dgCollisionChamferCylinder.obj
 0003:00004680       ?m_negIndex@dgContactSolver@@2T__m128@@A 100af680     physics:dgMinkowskiConv.obj
 0003:00004690       ?m_zero@dgContactSolver@@2T__m128@@A 100af690     physics:dgMinkowskiConv.obj
 0003:000046a0       ?m_index_yx@dgContactSolver@@2T__m128@@A 100af6a0     physics:dgMinkowskiConv.obj
 0003:000046b0       ?m_index_wz@dgContactSolver@@2T__m128@@A 100af6b0     physics:dgMinkowskiConv.obj
 0003:000046c0       ?m_zeroTolerenace@dgContactSolver@@2T__m128@@A 100af6c0     physics:dgMinkowskiConv.obj
 0003:000046d0       ?m_nrh0p5@dgContactSolver@@2T__m128@@A 100af6d0     physics:dgMinkowskiConv.obj
 0003:000046e0       ?m_nrh3p0@dgContactSolver@@2T__m128@@A 100af6e0     physics:dgMinkowskiConv.obj
 0003:000046f0       ?m_negativeOne@dgContactSolver@@2T__m128@@A 100af6f0     physics:dgMinkowskiConv.obj
 0003:00004700       ?m_shapeRefCount@dgCollisionSphere@@1HA 100af700     physics:dgCollisionSphere.obj
 0003:00004704       ?m_iniliazised@dgConvexCollision@@1HA 100af704     physics:dgConvexCollision.obj
 0003:00004708       ?m_shapeRefCount@dgCollisionCapsule@@0HA 100af708     physics:dgCollisionCapsule.obj
 0003:0000470c       ?m_shapeRefCount@dgCollisionCone@@0HA 100af70c     physics:dgCollisionCone.obj
 0003:00004710       ?m_shapeRefCount@dgCollisionCylinder@@0HA 100af710     physics:dgCollisionCylinder.obj
 0003:00004714       ?m_shapeRefCount@dgCollisionChamferCylinder@@0HA 100af714     physics:dgCollisionChamferCylinder.obj
 0003:00004720       ?m_zero@dgConvexCollision@@1VdgVector@@A 100af720     physics:dgConvexCollision.obj
 0003:00004730       ?m_signMask@dgConvexCollision@@1VdgVector@@A 100af730     physics:dgConvexCollision.obj
 0003:00004740       ?m_triplexMask@dgConvexCollision@@1VdgVector@@A 100af740     physics:dgConvexCollision.obj
 0003:000047a0       ?m_unitSphere@dgCollisionSphere@@1PAVdgVector@@A 100af7a0     physics:dgCollisionSphere.obj
 0003:000048c0       ?m_multiResDir@dgConvexCollision@@1PAVdgVector@@A 100af8c0     physics:dgConvexCollision.obj
 0003:00004940       ?m_multiResDir_sse@dgConvexCollision@@1PAVdgVector@@A 100af940     physics:dgConvexCollision.obj
 0003:000049a0       ?m_shapesDirs@dgCollisionChamferCylinder@@0PAVdgVector@@A 100af9a0     physics:dgCollisionChamferCylinder.obj
 0003:00004a20       ?m_dir@dgContactSolver@@2PAVdgVector@@A 100afa20     physics:dgMinkowskiConv.obj
 0003:00004b00       ?m_globalAllocator@dgGlobalAllocator@@2V1@A 100afb00     corelib:dgMemory.obj
 0003:00004d28       __debugger_hook_dummy      100afd28     <common>
 0003:00004d2c       ___piob                    100afd2c     <common>
 0003:00004d40       __bufin                    100afd40     <common>
 0003:00005d40       __nstream                  100b0d40     <common>
 0003:00005d44       __nhandle                  100b0d44     <common>
 0003:00005d60       ___pioinfo                 100b0d60     <common>
 0003:00005e60       ___env_initialized         100b0e60     <common>
 0003:00005e64       ___onexitend               100b0e64     <common>
 0003:00005e68       ___onexitbegin             100b0e68     <common>
 0003:00005e6c       ___mbctype_initialized     100b0e6c     <common>
 0003:00005e70       ___dyn_tls_init_callback   100b0e70     <common>
 0003:00005e74       __pDestructExceptionObject 100b0e74     <common>
 0003:00005e78       ___sbh_cntHeaderList       100b0e78     <common>
 0003:00005e7c       ___sbh_pHeaderList         100b0e7c     <common>
 0003:00005e80       ___sbh_threshold           100b0e80     <common>
 0003:00005e84       ___sbh_pHeaderScan         100b0e84     <common>
 0003:00005e88       ___sbh_sizeHeaderList      100b0e88     <common>
 0003:00005e8c       ___sbh_indGroupDefer       100b0e8c     <common>
 0003:00005e90       ___active_heap             100b0e90     <common>
 0003:00005e94       ___use_sse2_mathfcns       100b0e94     <common>
 0003:00005e98       ___sse2_available          100b0e98     <common>
 0003:00005e9c       __pmatherr                 100b0e9c     <common>
 0003:00005ea0       __acmdln                   100b0ea0     <common>

 entry point at        0001:0008ea2f

 Static symbols

 0001:00074b30       ?DetectSSE_3@@YA_NXZ       10075b30 f    CIL library: CIL module
 0001:00074b30       ?DetectSSE@@YA_NXZ         10075b30 f    CIL library: CIL module
 0001:00074bc0       ?SortVertices@InternalGeoUtil@@YAHQAMHHHHM@Z 10075bc0 f    CIL library: CIL module
 0001:00075610       ?QuickSortVertices@InternalGeoUtil@@YAHQAMHHHHM@Z 10076610 f    CIL library: CIL module
 0001:00076800       ?MatchTwins@InternalPolyhedra@@YA_NPAVdgPolyhedra@@@Z 10077800 f    CIL library: CIL module
 0001:000768c0       ?CloseOpenBounds@InternalPolyhedra@@YAXPAVdgPolyhedra@@@Z 100778c0 f    CIL library: CIL module
 0001:00076a30       ?NormalizeVertex@InternalPolyhedra@@YAXHQAVdgTriplex@@QBMH@Z 10077a30 f    CIL library: CIL module
 0001:00076b80       ?EdgePlane@InternalPolyhedra@@YA?AVdgBigPlane@@HHHQBVdgTriplex@@@Z 10077b80 f    CIL library: CIL module
 0001:00076c80       ?UnboundedLoopPlane@InternalPolyhedra@@YA?AVdgBigPlane@@HHHQBVdgTriplex@@@Z 10077c80 f    CIL library: CIL module
 0001:00076df0       ?CalculateAllMetrics@InternalPolyhedra@@YAXPBVdgPolyhedra@@QAUVERTEX_METRIC_STRUCT@1@QBVdgTriplex@@@Z 10077df0 f    CIL library: CIL module
 0001:000770a0       ?BigFaceNormal@InternalPolyhedra@@YA?AVdgBigVector@@PAVdgEdge@@QBMH@Z 100780a0 f    CIL library: CIL module
 0001:000771d0       ?EdgePenalty@InternalPolyhedra@@YAMABVdgPolyhedra@@QBVdgTriplex@@PAVdgEdge@@@Z 100781d0 f    CIL library: CIL module
 0001:00077850       ?CalculateVertexMetrics@InternalPolyhedra@@YAXQAUVERTEX_METRIC_STRUCT@1@QBVdgTriplex@@PAVdgEdge@@@Z 10078850 f    CIL library: CIL module
 0001:00077930       ?RefineTriangulation@InternalPolyhedra@@YAXAAVdgPolyhedra@@QBMHQAVdgVector@@HQAPAVdgEdge@@@Z 10078930 f    CIL library: CIL module
 0001:00078290       ?FindEarTip@InternalPolyhedra@@YAPAVdgEdge@@ABVdgPolyhedra@@QAV2@QBMHAAV?$dgDownHeap@PAVdgEdge@@M@@ABVdgVector@@@Z 10079290 f    CIL library: CIL module
 0001:00078990       ?IsEssensialPointDiagonal@InternalPolyhedra@@YA_NQAVdgEdge@@ABVdgBigVector@@QBMH@Z 10079990 f    CIL library: CIL module
 0001:00078b30       ?GetInteriorDiagonals@InternalPolyhedra@@YAHAAVdgPolyhedra@@QAPAVdgEdge@@H@Z 10079b30 f    CIL library: CIL module
 0001:00078bc0       ?MarkAdjacentCoplanarFaces@InternalPolyhedra@@YAXAAVdgPolyhedra@@0QAVdgEdge@@QBMH@Z 10079bc0 f    CIL library: CIL module
 0001:00079030       ?RemoveColinearVertices@InternalPolyhedra@@YAXAAVdgPolyhedra@@QBMH@Z 1007a030 f    CIL library: CIL module
 0001:000794e0       ?RefineTriangulation@InternalPolyhedra@@YAXAAVdgPolyhedra@@QBMH@Z 1007a4e0 f    CIL library: CIL module
 0001:00079610       ?TriangulateFace@InternalPolyhedra@@YAPAVdgEdge@@AAVdgPolyhedra@@PAV2@QBMHAAV?$dgDownHeap@PAVdgEdge@@M@@QAVdgVector@@@Z 1007a610 f    CIL library: CIL module
 0001:00079820       ?OptimizeTriangulation@InternalPolyhedra@@YAXAAVdgPolyhedra@@QBMH@Z 1007a820 f    CIL library: CIL module
 0001:00079ac0       ?ConvexPartition@InternalPolyhedra@@YA_NAAVdgPolyhedra@@QBMH@Z 1007aac0 f    CIL library: CIL module
 0001:00087090       ??0dgSpliteInfo@?6??BuildTree@dgAABBTree@@QAEPAVdgConstructionTree@2@QAVdgMemoryAllocator@@HHQAV2@QBVdgTriplex@@@Z@QAE@1H2QBV32@@Z 10088090 f    CIL library: CIL module
 0001:0008e939       ___DllMainCRTStartup       1008f939 f   LIBCMT:dllcrt0.obj
 0001:0008eacf       __hw_cw                    1008facf f   LIBCMT:_ieee87_.obj
 0001:0008eb5d       ___hw_cw_sse2              1008fb5d f   LIBCMT:_ieee87_.obj
 0001:0008f253       __onexit_nolock            10090253 f   LIBCMT:onexit.obj
 0001:0008f3ce       __callthreadstartex        100903ce f   LIBCMT:threadex.obj
 0001:0008f40f       __threadstartex@4          1009040f f   LIBCMT:threadex.obj
 0001:0009091a       __initterm                 1009191a f   LIBCMT:crt0dat.obj
 0001:000909e0       _doexit                    100919e0 f   LIBCMT:crt0dat.obj
 0001:00091841       _parse_cmdline             10092841 f   LIBCMT:stdargv.obj
 0001:0009201b       _write_char                1009301b f   LIBCMT:output.obj
 0001:0009204e       _write_multi_char          1009304e f   LIBCMT:output.obj
 0001:00092074       _write_string              10093074 f   LIBCMT:output.obj
 0001:00092f7f       _siglookup                 10093f7f f   LIBCMT:winsig.obj
 0001:00093533       _has_osfxsr_set            10094533 f   LIBCMT:cpu_disp.obj
 0001:000942c4       __unwind_handler4          100952c4 f   LIBCMT:exsup4.obj
 0001:00094a4f       __updatetlocinfoEx_nolock  10095a4f f   LIBCMT:setlocal.obj
 0001:00094b03       ?CPtoLCID@@YAHH@Z          10095b03 f   LIBCMT:mbctype.obj
 0001:00094b32       ?setSBCS@@YAXPAUthreadmbcinfostruct@@@Z 10095b32 f   LIBCMT:mbctype.obj
 0001:00094b96       ?setSBUpLow@@YAXPAUthreadmbcinfostruct@@@Z 10095b96 f   LIBCMT:mbctype.obj
 0001:00094dcd       ?getSystemCP@@YAHH@Z       10095dcd f   LIBCMT:mbctype.obj
 0001:0009551f       ?x_ismbbtype_l@@YAHPAUlocaleinfo_struct@@IHH@Z 1009651f f   LIBCMT:ismbbyte.obj
 0001:00096a46       __shift                    10097a46 f   LIBCMT:cvt.obj
 0001:00096a8b       __cftoe2_l                 10097a8b f   LIBCMT:cvt.obj
 0001:0009705d       __cftof2_l                 1009805d f   LIBCMT:cvt.obj
 0001:0009741b       _fastcopy_I                1009841b f   LIBCMT:p4_memcpy.obj
 0001:000976ac       __unwind_handler           100986ac f   LIBCMT:exsup.obj
 0001:00097b18       ?__crtGetStringTypeA_stat@@YAHPAUlocaleinfo_struct@@KPBDHPAGHHH@Z 10098b18 f   LIBCMT:a_str.obj
 0001:00097d60       ?__crtLCMapStringA_stat@@YAHPAUlocaleinfo_struct@@KKPBDHPADHHH@Z 10098d60 f   LIBCMT:a_map.obj
 0001:0009868a       _flsall                    1009968a f   LIBCMT:fflush.obj
 0001:0009876d       _fastzero_I                1009976d f   LIBCMT:p4_memset.obj
 0001:00098853       ?strtoxl@@YAKPAUlocaleinfo_struct@@PBDPAPBDHH@Z 10099853 f   LIBCMT:strtol.obj
 0001:0009baa0       _ValidateScopeTableHandlers 1009caa0 f   LIBCMT:eh3valid.obj
 0001:0009e0f0       ??__E?m_globalAllocator@dgGlobalAllocator@@2V1@A@@YAXXZ 1009f0f0 f    CIL library: CIL module
 0001:0009e110       ??__EzeroMatrix@@YAXXZ     1009f110 f    CIL library: CIL module
 0001:0009e200       ??__EidentityMatrix@@YAXXZ 1009f200 f    CIL library: CIL module
 0001:0009e2f0       ??__EidentitySphere@@YAXXZ 1009f2f0 f    CIL library: CIL module
 0001:0009e310       ??__F?m_globalAllocator@dgGlobalAllocator@@2V1@A@@YAXXZ 1009f310 f    CIL library: CIL module
